Component: ARM Compiler 5.06 update 5 (build 528) Tool: armlink [4d35e2]

==============================================================================

Section Cross References

    startup_stm32f103xb.o(RESET) refers to startup_stm32f103xb.o(STACK) for __initial_sp
    startup_stm32f103xb.o(RESET) refers to startup_stm32f103xb.o(.text) for Reset_Handler
    startup_stm32f103xb.o(RESET) refers to stm32f1xx_it.o(i.NMI_Handler) for NMI_Handler
    startup_stm32f103xb.o(RESET) refers to stm32f1xx_it.o(i.HardFault_Handler) for HardFault_Handler
    startup_stm32f103xb.o(RESET) refers to stm32f1xx_it.o(i.MemManage_Handler) for MemManage_Handler
    startup_stm32f103xb.o(RESET) refers to stm32f1xx_it.o(i.BusFault_Handler) for BusFault_Handler
    startup_stm32f103xb.o(RESET) refers to stm32f1xx_it.o(i.UsageFault_Handler) for UsageFault_Handler
    startup_stm32f103xb.o(RESET) refers to stm32f1xx_it.o(i.SVC_Handler) for SVC_Handler
    startup_stm32f103xb.o(RESET) refers to stm32f1xx_it.o(i.DebugMon_Handler) for DebugMon_Handler
    startup_stm32f103xb.o(RESET) refers to stm32f1xx_it.o(i.PendSV_Handler) for PendSV_Handler
    startup_stm32f103xb.o(RESET) refers to stm32f1xx_it.o(i.SysTick_Handler) for SysTick_Handler
    startup_stm32f103xb.o(RESET) refers to stm32f1xx_it.o(i.TIM4_IRQHandler) for TIM4_IRQHandler
    startup_stm32f103xb.o(.text) refers to system_stm32f1xx.o(i.SystemInit) for SystemInit
    startup_stm32f103xb.o(.text) refers to entry.o(.ARM.Collect$$$$00000000) for __main
    main.o(i.HAL_TIM_PeriodElapsedCallback) refers to stm32f1xx_hal_tim.o(i.HAL_TIM_Base_Stop_IT) for HAL_TIM_Base_Stop_IT
    main.o(i.HAL_TIM_PeriodElapsedCallback) refers to motor.o(i.Motor_SetSpeed) for Motor_SetSpeed
    main.o(i.HAL_TIM_PeriodElapsedCallback) refers to tim.o(.bss) for htim4
    main.o(i.HAL_TIM_PeriodElapsedCallback) refers to menu.o(.data) for timer1s_flag
    main.o(i.HAL_TIM_PeriodElapsedCallback) refers to menu.o(.bss) for cdt
    main.o(i.SystemClock_Config) refers to memseta.o(.text) for __aeabi_memclr4
    main.o(i.SystemClock_Config) refers to stm32f1xx_hal_rcc.o(i.HAL_RCC_OscConfig) for HAL_RCC_OscConfig
    main.o(i.SystemClock_Config) refers to stm32f1xx_hal_rcc.o(i.HAL_RCC_ClockConfig) for HAL_RCC_ClockConfig
    main.o(i.main) refers to stm32f1xx_hal.o(i.HAL_Init) for HAL_Init
    main.o(i.main) refers to main.o(i.SystemClock_Config) for SystemClock_Config
    main.o(i.main) refers to gpio.o(i.MX_GPIO_Init) for MX_GPIO_Init
    main.o(i.main) refers to tim.o(i.MX_TIM2_Init) for MX_TIM2_Init
    main.o(i.main) refers to tim.o(i.MX_TIM3_Init) for MX_TIM3_Init
    main.o(i.main) refers to tim.o(i.MX_TIM4_Init) for MX_TIM4_Init
    main.o(i.main) refers to tim.o(i.MX_TIM1_Init) for MX_TIM1_Init
    main.o(i.main) refers to oled.o(i.OLED_Init) for OLED_Init
    main.o(i.main) refers to encoder.o(i.Enoder_Init) for Enoder_Init
    main.o(i.main) refers to motor.o(i.Motor_Init) for Motor_Init
    main.o(i.main) refers to dht11.o(i.DHT11_Init) for DHT11_Init
    main.o(i.main) refers to menu.o(i.menu1) for menu1
    gpio.o(i.MX_GPIO_Init) refers to stm32f1xx_hal_gpio.o(i.HAL_GPIO_WritePin) for HAL_GPIO_WritePin
    gpio.o(i.MX_GPIO_Init) refers to stm32f1xx_hal_gpio.o(i.HAL_GPIO_Init) for HAL_GPIO_Init
    tim.o(i.Delay_us) refers to stm32f1xx_hal_tim.o(i.HAL_TIM_Base_Start) for HAL_TIM_Base_Start
    tim.o(i.Delay_us) refers to stm32f1xx_hal_tim.o(i.HAL_TIM_Base_Stop) for HAL_TIM_Base_Stop
    tim.o(i.Delay_us) refers to tim.o(.bss) for .bss
    tim.o(i.HAL_TIM_Base_MspDeInit) refers to stm32f1xx_hal_cortex.o(i.HAL_NVIC_DisableIRQ) for HAL_NVIC_DisableIRQ
    tim.o(i.HAL_TIM_Base_MspInit) refers to stm32f1xx_hal_cortex.o(i.HAL_NVIC_SetPriority) for HAL_NVIC_SetPriority
    tim.o(i.HAL_TIM_Base_MspInit) refers to stm32f1xx_hal_cortex.o(i.HAL_NVIC_EnableIRQ) for HAL_NVIC_EnableIRQ
    tim.o(i.HAL_TIM_Encoder_MspDeInit) refers to stm32f1xx_hal_gpio.o(i.HAL_GPIO_DeInit) for HAL_GPIO_DeInit
    tim.o(i.HAL_TIM_Encoder_MspInit) refers to stm32f1xx_hal_gpio.o(i.HAL_GPIO_Init) for HAL_GPIO_Init
    tim.o(i.HAL_TIM_MspPostInit) refers to stm32f1xx_hal_gpio.o(i.HAL_GPIO_Init) for HAL_GPIO_Init
    tim.o(i.MX_TIM1_Init) refers to stm32f1xx_hal_tim.o(i.HAL_TIM_Base_Init) for HAL_TIM_Base_Init
    tim.o(i.MX_TIM1_Init) refers to main.o(i.Error_Handler) for Error_Handler
    tim.o(i.MX_TIM1_Init) refers to stm32f1xx_hal_tim.o(i.HAL_TIM_ConfigClockSource) for HAL_TIM_ConfigClockSource
    tim.o(i.MX_TIM1_Init) refers to stm32f1xx_hal_tim_ex.o(i.HAL_TIMEx_MasterConfigSynchronization) for HAL_TIMEx_MasterConfigSynchronization
    tim.o(i.MX_TIM1_Init) refers to tim.o(.bss) for .bss
    tim.o(i.MX_TIM2_Init) refers to memseta.o(.text) for __aeabi_memclr4
    tim.o(i.MX_TIM2_Init) refers to stm32f1xx_hal_tim.o(i.HAL_TIM_Base_Init) for HAL_TIM_Base_Init
    tim.o(i.MX_TIM2_Init) refers to main.o(i.Error_Handler) for Error_Handler
[...]
    Removing stm32f1xx_hal_tim_ex.o(i.HAL_TIMEx_HallSensor_Stop_DMA), (70 bytes).
    Removing stm32f1xx_hal_tim_ex.o(i.HAL_TIMEx_HallSensor_Stop_IT), (68 bytes).
    Removing stm32f1xx_hal_tim_ex.o(i.HAL_TIMEx_OCN_Start), (152 bytes).
    Removing stm32f1xx_hal_tim_ex.o(i.HAL_TIMEx_OCN_Start_DMA), (352 bytes).
    Removing stm32f1xx_hal_tim_ex.o(i.HAL_TIMEx_OCN_Start_IT), (192 bytes).
    Removing stm32f1xx_hal_tim_ex.o(i.HAL_TIMEx_OCN_Stop), (104 bytes).
    Removing stm32f1xx_hal_tim_ex.o(i.HAL_TIMEx_OCN_Stop_DMA), (168 bytes).
    Removing stm32f1xx_hal_tim_ex.o(i.HAL_TIMEx_OCN_Stop_IT), (170 bytes).
    Removing stm32f1xx_hal_tim_ex.o(i.HAL_TIMEx_OnePulseN_Start), (100 bytes).
    Removing stm32f1xx_hal_tim_ex.o(i.HAL_TIMEx_OnePulseN_Start_IT), (120 bytes).
    Removing stm32f1xx_hal_tim_ex.o(i.HAL_TIMEx_OnePulseN_Stop), (98 bytes).
    Removing stm32f1xx_hal_tim_ex.o(i.HAL_TIMEx_OnePulseN_Stop_IT), (120 bytes).
    Removing stm32f1xx_hal_tim_ex.o(i.HAL_TIMEx_PWMN_Start), (152 bytes).
    Removing stm32f1xx_hal_tim_ex.o(i.HAL_TIMEx_PWMN_Start_DMA), (352 bytes).
    Removing stm32f1xx_hal_tim_ex.o(i.HAL_TIMEx_PWMN_Start_IT), (192 bytes).
    Removing stm32f1xx_hal_tim_ex.o(i.HAL_TIMEx_PWMN_Stop), (104 bytes).
    Removing stm32f1xx_hal_tim_ex.o(i.HAL_TIMEx_PWMN_Stop_DMA), (168 bytes).
    Removing stm32f1xx_hal_tim_ex.o(i.HAL_TIMEx_PWMN_Stop_IT), (170 bytes).
    Removing stm32f1xx_hal_tim_ex.o(i.HAL_TIMEx_RemapConfig), (4 bytes).
    Removing stm32f1xx_hal_tim_ex.o(i.TIMEx_DMACommutationCplt), (16 bytes).
    Removing stm32f1xx_hal_tim_ex.o(i.TIMEx_DMACommutationHalfCplt), (16 bytes).
    Removing stm32f1xx_hal_tim_ex.o(i.TIM_CCxNChannelCmd), (26 bytes).
    Removing stm32f1xx_hal_tim_ex.o(i.TIM_DMADelayPulseNCplt), (74 bytes).
    Removing stm32f1xx_hal_tim_ex.o(i.TIM_DMAErrorCCxN), (62 bytes).
    Removing stm32f1xx_hal.o(.rev16_text), (4 bytes).
    Removing stm32f1xx_hal.o(.revsh_text), (4 bytes).
    Removing stm32f1xx_hal.o(.rrx_text), (6 bytes).
    Removing stm32f1xx_hal.o(i.HAL_DBGMCU_DisableDBGSleepMode), (16 bytes).
    Removing stm32f1xx_hal.o(i.HAL_DBGMCU_DisableDBGStandbyMode), (16 bytes).
    Removing stm32f1xx_hal.o(i.HAL_DBGMCU_DisableDBGStopMode), (16 bytes).
    Removing stm32f1xx_hal.o(i.HAL_DBGMCU_EnableDBGSleepMode), (16 bytes).
    Removing stm32f1xx_hal.o(i.HAL_DBGMCU_EnableDBGStandbyMode), (16 bytes).
    Removing stm32f1xx_hal.o(i.HAL_DBGMCU_EnableDBGStopMode), (16 bytes).
    Removing stm32f1xx_hal.o(i.HAL_DeInit), (32 bytes).
    Removing stm32f1xx_hal.o(i.HAL_GetDEVID), (16 bytes).
    Removing stm32f1xx_hal.o(i.HAL_GetHalVersion), (8 bytes).
    Removing stm32f1xx_hal.o(i.HAL_GetREVID), (12 bytes).
    Removing stm32f1xx_hal.o(i.HAL_GetTickFreq), (12 bytes).
    Removing stm32f1xx_hal.o(i.HAL_GetTickPrio), (12 bytes).
    Removing stm32f1xx_hal.o(i.HAL_GetUIDw0), (12 bytes).
    Removing stm32f1xx_hal.o(i.HAL_GetUIDw1), (12 bytes).
    Removing stm32f1xx_hal.o(i.HAL_GetUIDw2), (12 bytes).
    Removing stm32f1xx_hal.o(i.HAL_MspDeInit), (2 bytes).
    Removing stm32f1xx_hal.o(i.HAL_MspInit), (2 bytes).
    Removing stm32f1xx_hal.o(i.HAL_ResumeTick), (14 bytes).
    Removing stm32f1xx_hal.o(i.HAL_SetTickFreq), (36 bytes).
    Removing stm32f1xx_hal.o(i.HAL_SuspendTick), (14 bytes).
    Removing stm32f1xx_hal_rcc.o(.rev16_text), (4 bytes).
    Removing stm32f1xx_hal_rcc.o(.revsh_text), (4 bytes).
    Removing stm32f1xx_hal_rcc.o(.rrx_text), (6 bytes).
    Removing stm32f1xx_hal_rcc.o(i.HAL_RCC_CSSCallback), (2 bytes).
    Removing stm32f1xx_hal_rcc.o(i.HAL_RCC_DeInit), (220 bytes).
    Removing stm32f1xx_hal_rcc.o(i.HAL_RCC_DisableCSS), (12 bytes).
    Removing stm32f1xx_hal_rcc.o(i.HAL_RCC_EnableCSS), (12 bytes).
    Removing stm32f1xx_hal_rcc.o(i.HAL_RCC_GetClockConfig), (64 bytes).
    Removing stm32f1xx_hal_rcc.o(i.HAL_RCC_GetHCLKFreq), (12 bytes).
    Removing stm32f1xx_hal_rcc.o(i.HAL_RCC_GetOscConfig), (144 bytes).
    Removing stm32f1xx_hal_rcc.o(i.HAL_RCC_GetPCLK1Freq), (32 bytes).
    Removing stm32f1xx_hal_rcc.o(i.HAL_RCC_GetPCLK2Freq), (32 bytes).
    Removing stm32f1xx_hal_rcc.o(i.HAL_RCC_MCOConfig), (72 bytes).
    Removing stm32f1xx_hal_rcc.o(i.HAL_RCC_NMI_IRQHandler), (24 bytes).
    Removing stm32f1xx_hal_rcc_ex.o(.rev16_text), (4 bytes).
    Removing stm32f1xx_hal_rcc_ex.o(.revsh_text), (4 bytes).
    Removing stm32f1xx_hal_rcc_ex.o(.rrx_text), (6 bytes).
    Removing stm32f1xx_hal_rcc_ex.o(i.HAL_RCCEx_GetPeriphCLKConfig), (44 bytes).
    Removing stm32f1xx_hal_rcc_ex.o(i.HAL_RCCEx_GetPeriphCLKFreq), (164 bytes).
    Removing stm32f1xx_hal_rcc_ex.o(i.HAL_RCCEx_PeriphCLKConfig), (236 bytes).
    Removing stm32f1xx_hal_rcc_ex.o(.constdata), (18 bytes).
    Removing stm32f1xx_hal_gpio.o(.rev16_text), (4 bytes).
    Removing stm32f1xx_hal_gpio.o(.revsh_text), (4 bytes).
    Removing stm32f1xx_hal_gpio.o(.rrx_text), (6 bytes).
    Removing stm32f1xx_hal_gpio.o(i.HAL_GPIO_DeInit), (280 bytes).
    Removing stm32f1xx_hal_gpio.o(i.HAL_GPIO_EXTI_Callback), (2 bytes).
    Removing stm32f1xx_hal_gpio.o(i.HAL_GPIO_EXTI_IRQHandler), (24 bytes).
    Removing stm32f1xx_hal_gpio.o(i.HAL_GPIO_LockPin), (34 bytes).
    Removing stm32f1xx_hal_gpio.o(i.HAL_GPIO_TogglePin), (16 bytes).
    Removing stm32f1xx_hal_dma.o(.rev16_text), (4 bytes).
    Removing stm32f1xx_hal_dma.o(.revsh_text), (4 bytes).
    Removing stm32f1xx_hal_dma.o(.rrx_text), (6 bytes).
    Removing stm32f1xx_hal_dma.o(i.DMA_SetConfig), (42 bytes).
    Removing stm32f1xx_hal_dma.o(i.HAL_DMA_Abort), (70 bytes).
    Removing stm32f1xx_hal_dma.o(i.HAL_DMA_Abort_IT), (152 bytes).
    Removing stm32f1xx_hal_dma.o(i.HAL_DMA_DeInit), (92 bytes).
    Removing stm32f1xx_hal_dma.o(i.HAL_DMA_GetError), (4 bytes).
    Removing stm32f1xx_hal_dma.o(i.HAL_DMA_GetState), (6 bytes).
    Removing stm32f1xx_hal_dma.o(i.HAL_DMA_IRQHandler), (340 bytes).
    Removing stm32f1xx_hal_dma.o(i.HAL_DMA_Init), (92 bytes).
    Removing stm32f1xx_hal_dma.o(i.HAL_DMA_PollForTransfer), (532 bytes).
    Removing stm32f1xx_hal_dma.o(i.HAL_DMA_RegisterCallback), (74 bytes).
    Removing stm32f1xx_hal_dma.o(i.HAL_DMA_Start), (80 bytes).
    Removing stm32f1xx_hal_dma.o(i.HAL_DMA_Start_IT), (112 bytes).
    Removing stm32f1xx_hal_dma.o(i.HAL_DMA_UnRegisterCallback), (82 bytes).
    Removing stm32f1xx_hal_cortex.o(.rev16_text), (4 bytes).
    Removing stm32f1xx_hal_cortex.o(.revsh_text), (4 bytes).
    Removing stm32f1xx_hal_cortex.o(.rrx_text), (6 bytes).
    Removing stm32f1xx_hal_cortex.o(i.HAL_NVIC_ClearPendingIRQ), (26 bytes).
    Removing stm32f1xx_hal_cortex.o(i.HAL_NVIC_DisableIRQ), (34 bytes).
    Removing stm32f1xx_hal_cortex.o(i.HAL_NVIC_GetActive), (36 bytes).
    Removing stm32f1xx_hal_cortex.o(i.HAL_NVIC_GetPendingIRQ), (36 bytes).
    Removing stm32f1xx_hal_cortex.o(i.HAL_NVIC_GetPriority), (82 bytes).
    Removing stm32f1xx_hal_cortex.o(i.HAL_NVIC_GetPriorityGrouping), (16 bytes).
    Removing stm32f1xx_hal_cortex.o(i.HAL_NVIC_SetPendingIRQ), (26 bytes).
    Removing stm32f1xx_hal_cortex.o(i.HAL_NVIC_SystemReset), (36 bytes).
    Removing stm32f1xx_hal_cortex.o(i.HAL_SYSTICK_CLKSourceConfig), (24 bytes).
    Removing stm32f1xx_hal_cortex.o(i.HAL_SYSTICK_Callback), (2 bytes).
    Removing stm32f1xx_hal_cortex.o(i.HAL_SYSTICK_IRQHandler), (8 bytes).
    Removing stm32f1xx_hal_pwr.o(.rev16_text), (4 bytes).
    Removing stm32f1xx_hal_pwr.o(.revsh_text), (4 bytes).
    Removing stm32f1xx_hal_pwr.o(.rrx_text), (6 bytes).
    Removing stm32f1xx_hal_pwr.o(i.HAL_PWR_ConfigPVD), (124 bytes).
    Removing stm32f1xx_hal_pwr.o(i.HAL_PWR_DeInit), (24 bytes).
    Removing stm32f1xx_hal_pwr.o(i.HAL_PWR_DisableBkUpAccess), (12 bytes).
    Removing stm32f1xx_hal_pwr.o(i.HAL_PWR_DisablePVD), (12 bytes).
    Removing stm32f1xx_hal_pwr.o(i.HAL_PWR_DisableSEVOnPend), (16 bytes).
    Removing stm32f1xx_hal_pwr.o(i.HAL_PWR_DisableSleepOnExit), (16 bytes).
    Removing stm32f1xx_hal_pwr.o(i.HAL_PWR_DisableWakeUpPin), (28 bytes).
    Removing stm32f1xx_hal_pwr.o(i.HAL_PWR_EnableBkUpAccess), (12 bytes).
    Removing stm32f1xx_hal_pwr.o(i.HAL_PWR_EnablePVD), (12 bytes).
    Removing stm32f1xx_hal_pwr.o(i.HAL_PWR_EnableSEVOnPend), (16 bytes).
    Removing stm32f1xx_hal_pwr.o(i.HAL_PWR_EnableSleepOnExit), (16 bytes).
    Removing stm32f1xx_hal_pwr.o(i.HAL_PWR_EnableWakeUpPin), (28 bytes).
    Removing stm32f1xx_hal_pwr.o(i.HAL_PWR_EnterSLEEPMode), (32 bytes).
    Removing stm32f1xx_hal_pwr.o(i.HAL_PWR_EnterSTANDBYMode), (32 bytes).
    Removing stm32f1xx_hal_pwr.o(i.HAL_PWR_EnterSTOPMode), (68 bytes).
    Removing stm32f1xx_hal_pwr.o(i.HAL_PWR_PVDCallback), (2 bytes).
    Removing stm32f1xx_hal_pwr.o(i.HAL_PWR_PVD_IRQHandler), (28 bytes).
    Removing stm32f1xx_hal_pwr.o(i.PWR_OverloadWfe), (6 bytes).
    Removing stm32f1xx_hal_flash.o(.rev16_text), (4 bytes).
    Removing stm32f1xx_hal_flash.o(.revsh_text), (4 bytes).
    Removing stm32f1xx_hal_flash.o(.rrx_text), (6 bytes).
    Removing stm32f1xx_hal_flash.o(i.FLASH_Program_HalfWord), (28 bytes).
    Removing stm32f1xx_hal_flash.o(i.FLASH_SetErrorCode), (92 bytes).
    Removing stm32f1xx_hal_flash.o(i.FLASH_WaitForLastOperation), (84 bytes).
    Removing stm32f1xx_hal_flash.o(i.HAL_FLASH_EndOfOperationCallback), (2 bytes).
    Removing stm32f1xx_hal_flash.o(i.HAL_FLASH_GetError), (12 bytes).
    Removing stm32f1xx_hal_flash.o(i.HAL_FLASH_IRQHandler), (264 bytes).
    Removing stm32f1xx_hal_flash.o(i.HAL_FLASH_Lock), (20 bytes).
    Removing stm32f1xx_hal_flash.o(i.HAL_FLASH_OB_Launch), (4 bytes).
    Removing stm32f1xx_hal_flash.o(i.HAL_FLASH_OB_Lock), (20 bytes).
    Removing stm32f1xx_hal_flash.o(i.HAL_FLASH_OB_Unlock), (36 bytes).
    Removing stm32f1xx_hal_flash.o(i.HAL_FLASH_OperationErrorCallback), (2 bytes).
    Removing stm32f1xx_hal_flash.o(i.HAL_FLASH_Program), (128 bytes).
    Removing stm32f1xx_hal_flash.o(i.HAL_FLASH_Program_IT), (80 bytes).
    Removing stm32f1xx_hal_flash.o(i.HAL_FLASH_Unlock), (40 bytes).
    Removing stm32f1xx_hal_flash.o(.bss), (32 bytes).
    Removing stm32f1xx_hal_flash_ex.o(.rev16_text), (4 bytes).
    Removing stm32f1xx_hal_flash_ex.o(.revsh_text), (4 bytes).
    Removing stm32f1xx_hal_flash_ex.o(.rrx_text), (6 bytes).
    Removing stm32f1xx_hal_flash_ex.o(i.FLASH_MassErase), (36 bytes).
    Removing stm32f1xx_hal_flash_ex.o(i.FLASH_OB_DisableWRP), (176 bytes).
    Removing stm32f1xx_hal_flash_ex.o(i.FLASH_OB_EnableWRP), (176 bytes).
    Removing stm32f1xx_hal_flash_ex.o(i.FLASH_OB_GetRDP), (24 bytes).
    Removing stm32f1xx_hal_flash_ex.o(i.FLASH_OB_RDP_LevelConfig), (100 bytes).
    Removing stm32f1xx_hal_flash_ex.o(i.FLASH_PageErase), (36 bytes).
    Removing stm32f1xx_hal_flash_ex.o(i.HAL_FLASHEx_Erase), (168 bytes).
    Removing stm32f1xx_hal_flash_ex.o(i.HAL_FLASHEx_Erase_IT), (72 bytes).
    Removing stm32f1xx_hal_flash_ex.o(i.HAL_FLASHEx_OBErase), (84 bytes).
    Removing stm32f1xx_hal_flash_ex.o(i.HAL_FLASHEx_OBGetConfig), (36 bytes).
    Removing stm32f1xx_hal_flash_ex.o(i.HAL_FLASHEx_OBGetUserData), (32 bytes).
    Removing stm32f1xx_hal_flash_ex.o(i.HAL_FLASHEx_OBProgram), (200 bytes).
    Removing stm32f1xx_hal_exti.o(.rev16_text), (4 bytes).
    Removing stm32f1xx_hal_exti.o(.revsh_text), (4 bytes).
    Removing stm32f1xx_hal_exti.o(.rrx_text), (6 bytes).
    Removing stm32f1xx_hal_exti.o(i.HAL_EXTI_ClearConfigLine), (104 bytes).
    Removing stm32f1xx_hal_exti.o(i.HAL_EXTI_ClearPending), (20 bytes).
    Removing stm32f1xx_hal_exti.o(i.HAL_EXTI_GenerateSWI), (20 bytes).
    Removing stm32f1xx_hal_exti.o(i.HAL_EXTI_GetConfigLine), (140 bytes).
    Removing stm32f1xx_hal_exti.o(i.HAL_EXTI_GetHandle), (12 bytes).
    Removing stm32f1xx_hal_exti.o(i.HAL_EXTI_GetPending), (24 bytes).
    Removing stm32f1xx_hal_exti.o(i.HAL_EXTI_IRQHandler), (36 bytes).
    Removing stm32f1xx_hal_exti.o(i.HAL_EXTI_RegisterCallback), (14 bytes).
    Removing stm32f1xx_hal_exti.o(i.HAL_EXTI_SetConfigLine), (164 bytes).
    Removing system_stm32f1xx.o(.rev16_text), (4 bytes).
    Removing system_stm32f1xx.o(.revsh_text), (4 bytes).
    Removing system_stm32f1xx.o(.rrx_text), (6 bytes).
    Removing system_stm32f1xx.o(i.SystemCoreClockUpdate), (104 bytes).
    Removing system_stm32f1xx.o(.constdata), (8 bytes).
    Removing motor.o(.rev16_text), (4 bytes).
    Removing motor.o(.revsh_text), (4 bytes).
    Removing motor.o(.rrx_text), (6 bytes).
    Removing encoder.o(.rev16_text), (4 bytes).
    Removing encoder.o(.revsh_text), (4 bytes).
    Removing encoder.o(.rrx_text), (6 bytes).
    Removing key.o(.rev16_text), (4 bytes).
    Removing key.o(.revsh_text), (4 bytes).
    Removing key.o(.rrx_text), (6 bytes).
    Removing menu.o(.rev16_text), (4 bytes).
    Removing menu.o(.revsh_text), (4 bytes).
    Removing menu.o(.rrx_text), (6 bytes).
    Removing menu.o(.data), (1 bytes).
    Removing dht11.o(.rev16_text), (4 bytes).
    Removing dht11.o(.revsh_text), (4 bytes).
    Removing dht11.o(.rrx_text), (6 bytes).
    Removing oled.o(.rev16_text), (4 bytes).
    Removing oled.o(.revsh_text), (4 bytes).
    Removing oled.o(.rrx_text), (6 bytes).
    Removing oled.o(i.OLED_DrawArc), (586 bytes).
    Removing oled.o(i.OLED_DrawCircle), (318 bytes).
    Removing oled.o(i.OLED_DrawEllipse), (692 bytes).
    Removing oled.o(i.OLED_DrawLine), (234 bytes).
    Removing oled.o(i.OLED_DrawPoint), (52 bytes).
    Removing oled.o(i.OLED_DrawRectangle), (116 bytes).
    Removing oled.o(i.OLED_DrawTriangle), (196 bytes).
    Removing oled.o(i.OLED_GetPoint), (56 bytes).
    Removing oled.o(i.OLED_IsInAngle), (96 bytes).
    Removing oled.o(i.OLED_Pow), (14 bytes).
    Removing oled.o(i.OLED_Reverse), (40 bytes).
    Removing oled.o(i.OLED_ShowBinNum), (64 bytes).
    Removing oled.o(i.OLED_ShowFloatNum), (190 bytes).
    Removing oled.o(i.OLED_ShowHexNum), (72 bytes).
    Removing oled.o(i.OLED_ShowNum), (70 bytes).
    Removing oled.o(i.OLED_ShowSignedNum), (94 bytes).
    Removing oled.o(i.OLED_UpdateArea), (96 bytes).
    Removing oled.o(i.OLED_pnpoly), (116 bytes).
    Removing oled_data.o(.constdata), (32 bytes).
    Removing fadd.o(.text), (176 bytes).
    Removing fflti.o(.text), (18 bytes).
    Removing dflti.o(.text), (34 bytes).
    Removing dfltui.o(.text), (26 bytes).
    Removing dfixi.o(.text), (62 bytes).
    Removing dfixui.o(.text), (50 bytes).
    Removing cdcmple.o(.text), (48 bytes).
    Removing d2f.o(.text), (56 bytes).
    Removing fepilogue.o(.text), (110 bytes).
    Removing drnd.o(.text), (136 bytes).
    Removing dscalb.o(.text), (46 bytes).

362 unused section(s) (total 25039 bytes) removed from the image.

==============================================================================

Image Symbol Table

    Local Symbols

    Symbol Name                              Value     Ov Type        Size  Object(Section)

    ../Core/Src/gpio.c                       0x00000000   Number         0  gpio.o ABSOLUTE
    ../Core/Src/main.c                       0x00000000   Number         0  main.o ABSOLUTE
    ../Core/Src/stm32f1xx_hal_msp.c          0x00000000   Number         0  stm32f1xx_hal_msp.o ABSOLUTE
    ../Core/Src/stm32f1xx_it.c               0x00000000   Number         0  stm32f1xx_it.o ABSOLUTE
    ../Core/Src/system_stm32f1xx.c           0x00000000   Number         0  system_stm32f1xx.o ABSOLUTE
    ../Core/Src/tim.c                        0x00000000   Number         0  tim.o ABSOLUTE
    ../Drivers/STM32F1xx_HAL_Driver/Src/stm32f1xx_hal.c 0x00000000   Number         0  stm32f1xx_hal.o ABSOLUTE
    ../Drivers/STM32F1xx_HAL_Driver/Src/stm32f1xx_hal_cortex.c 0x00000000   Number         0  stm32f1xx_hal_cortex.o ABSOLUTE
    ../Drivers/STM32F1xx_HAL_Driver/Src/stm32f1xx_hal_dma.c 0x00000000   Number         0  stm32f1xx_hal_dma.o ABSOLUTE
    ../Drivers/STM32F1xx_HAL_Driver/Src/stm32f1xx_hal_exti.c 0x00000000   Number         0  stm32f1xx_hal_exti.o ABSOLUTE
    ../Drivers/STM32F1xx_HAL_Driver/Src/stm32f1xx_hal_flash.c 0x00000000   Number         0  stm32f1xx_hal_flash.o ABSOLUTE
    ../Drivers/STM32F1xx_HAL_Driver/Src/stm32f1xx_hal_flash_ex.c 0x00000000   Number         0  stm32f1xx_hal_flash_ex.o ABSOLUTE
    ../Drivers/STM32F1xx_HAL_Driver/Src/stm32f1xx_hal_gpio.c 0x00000000   Number         0  stm32f1xx_hal_gpio.o ABSOLUTE
    ../Drivers/STM32F1xx_HAL_Driver/Src/stm32f1xx_hal_gpio_ex.c 0x00000000   Number         0  stm32f1xx_hal_gpio_ex.o ABSOLUTE
    ../Drivers/STM32F1xx_HAL_Driver/Src/stm32f1xx_hal_pwr.c 0x00000000   Number         0  stm32f1xx_hal_pwr.o ABSOLUTE
    ../Drivers/STM32F1xx_HAL_Driver/Src/stm32f1xx_hal_rcc.c 0x00000000   Number         0  stm32f1xx_hal_rcc.o ABSOLUTE
    ../Drivers/STM32F1xx_HAL_Driver/Src/stm32f1xx_hal_rcc_ex.c 0x00000000   Number         0  stm32f1xx_hal_rcc_ex.o ABSOLUTE
    ../Drivers/STM32F1xx_HAL_Driver/Src/stm32f1xx_hal_tim.c 0x00000000   Number         0  stm32f1xx_hal_tim.o ABSOLUTE
    ../Drivers/STM32F1xx_HAL_Driver/Src/stm32f1xx_hal_tim_ex.c 0x00000000   Number         0  stm32f1xx_hal_tim_ex.o ABSOLUTE
    ../clib/microlib/division.c              0x00000000   Number         0  uldiv.o ABSOLUTE
    ../clib/microlib/division.c              0x00000000   Number         0  uidiv.o ABSOLUTE
    ../clib/microlib/errno.c                 0x00000000   Number         0  errno.o ABSOLUTE
    ../clib/microlib/init/entry.s            0x00000000   Number         0  entry7a.o ABSOLUTE
    ../clib/microlib/init/entry.s            0x00000000   Number         0  entry5.o ABSOLUTE
    ../clib/microlib/init/entry.s            0x00000000   Number         0  entry2.o ABSOLUTE
    ../clib/microlib/init/entry.s            0x00000000   Number         0  entry10a.o ABSOLUTE
    ../clib/microlib/init/entry.s            0x00000000   Number         0  entry11b.o ABSOLUTE
    ../clib/microlib/init/entry.s            0x00000000   Number         0  entry11a.o ABSOLUTE
    ../clib/microlib/init/entry.s            0x00000000   Number         0  entry10b.o ABSOLUTE
    ../clib/microlib/init/entry.s            0x00000000   Number         0  entry9b.o ABSOLUTE
    ../clib/microlib/init/entry.s            0x00000000   Number         0  entry.o ABSOLUTE
    ../clib/microlib/init/entry.s            0x00000000   Number         0  entry9a.o ABSOLUTE
    ../clib/microlib/init/entry.s            0x00000000   Number         0  entry8b.o ABSOLUTE
    ../clib/microlib/init/entry.s            0x00000000   Number         0  entry8a.o ABSOLUTE
    ../clib/microlib/init/entry.s            0x00000000   Number         0  entry7b.o ABSOLUTE
    ../clib/microlib/longlong.c              0x00000000   Number         0  llushr.o ABSOLUTE
    ../clib/microlib/longlong.c              0x00000000   Number         0  llshl.o ABSOLUTE
    ../clib/microlib/longlong.c              0x00000000   Number         0  llsshr.o ABSOLUTE
    ../clib/microlib/printf/printf.c         0x00000000   Number         0  printfa.o ABSOLUTE
    ../clib/microlib/stdio/fputc.c           0x00000000   Number         0  fputc.o ABSOLUTE
    ../clib/microlib/stdio/semi.s            0x00000000   Number         0  semi.o ABSOLUTE
    ../clib/microlib/stdio/streams.c         0x00000000   Number         0  stdout.o ABSOLUTE
    ../clib/microlib/string/memset.c         0x00000000   Number         0  memseta.o ABSOLUTE
    ../clib/microlib/string/strcmp.c         0x00000000   Number         0  strcmp.o ABSOLUTE
    ../clib/microlib/string/strcpy.c         0x00000000   Number         0  strcpy.o ABSOLUTE
    ../clib/microlib/stubs.s                 0x00000000   Number         0  iusesemip.o ABSOLUTE
    ../clib/microlib/stubs.s                 0x00000000   Number         0  iusefp.o ABSOLUTE
    ../fplib/microlib/d2f.c                  0x00000000   Number         0  d2f.o ABSOLUTE
    ../fplib/microlib/fpadd.c                0x00000000   Number         0  fadd.o ABSOLUTE
    ../fplib/microlib/fpadd.c                0x00000000   Number         0  dadd.o ABSOLUTE
    ../fplib/microlib/fpdiv.c                0x00000000   Number         0  ddiv.o ABSOLUTE
    ../fplib/microlib/fpepilogue.c           0x00000000   Number         0  depilogue.o ABSOLUTE
    ../fplib/microlib/fpepilogue.c           0x00000000   Number         0  fepilogue.o ABSOLUTE
    ../fplib/microlib/fpfix.c                0x00000000   Number         0  dfixul.o ABSOLUTE
    ../fplib/microlib/fpfix.c                0x00000000   Number         0  dfixui.o ABSOLUTE
    ../fplib/microlib/fpfix.c                0x00000000   Number         0  dfixi.o ABSOLUTE
    ../fplib/microlib/fpflt.c                0x00000000   Number         0  dflti.o ABSOLUTE
    ../fplib/microlib/fpflt.c                0x00000000   Number         0  fflti.o ABSOLUTE
    ../fplib/microlib/fpflt.c                0x00000000   Number         0  dfltui.o ABSOLUTE
    ../fplib/microlib/fpmul.c                0x00000000   Number         0  dmul.o ABSOLUTE
    ../fplib/microlib/fprnd.c                0x00000000   Number         0  drnd.o ABSOLUTE
    ../fplib/microlib/fpscalb.c              0x00000000   Number         0  dscalb.o ABSOLUTE
    ../mathlib/atan.c                        0x00000000   Number         0  atan.o ABSOLUTE
    ../mathlib/atan.c                        0x00000000   Number         0  atan_x.o ABSOLUTE
    ../mathlib/atan2.c                       0x00000000   Number         0  atan2_x.o ABSOLUTE
    ../mathlib/atan2.c                       0x00000000   Number         0  atan2.o ABSOLUTE
    ../mathlib/dunder.c                      0x00000000   Number         0  dunder.o ABSOLUTE
    ../mathlib/fpclassify.c                  0x00000000   Number         0  fpclassify.o ABSOLUTE
    ../mathlib/poly.c                        0x00000000   Number         0  poly.o ABSOLUTE
    ../mathlib/qnan.c                        0x00000000   Number         0  qnan.o ABSOLUTE
    ../mathlib/round.c                       0x00000000   Number         0  round.o ABSOLUTE
    ..\Core\Src\gpio.c                       0x00000000   Number         0  gpio.o ABSOLUTE
    ..\Core\Src\main.c                       0x00000000   Number         0  main.o ABSOLUTE
    ..\Core\Src\stm32f1xx_hal_msp.c          0x00000000   Number         0  stm32f1xx_hal_msp.o ABSOLUTE
    ..\Core\Src\stm32f1xx_it.c               0x00000000   Number         0  stm32f1xx_it.o ABSOLUTE
    ..\Core\Src\system_stm32f1xx.c           0x00000000   Number         0  system_stm32f1xx.o ABSOLUTE
    ..\Core\Src\tim.c                        0x00000000   Number         0  tim.o ABSOLUTE
    ..\Drivers\STM32F1xx_HAL_Driver\Src\stm32f1xx_hal.c 0x00000000   Number         0  stm32f1xx_hal.o ABSOLUTE
    ..\Drivers\STM32F1xx_HAL_Driver\Src\stm32f1xx_hal_cortex.c 0x00000000   Number         0  stm32f1xx_hal_cortex.o ABSOLUTE
    ..\Drivers\STM32F1xx_HAL_Driver\Src\stm32f1xx_hal_dma.c 0x00000000   Number         0  stm32f1xx_hal_dma.o ABSOLUTE
    ..\Drivers\STM32F1xx_HAL_Driver\Src\stm32f1xx_hal_exti.c 0x00000000   Number         0  stm32f1xx_hal_exti.o ABSOLUTE
    ..\Drivers\STM32F1xx_HAL_Driver\Src\stm32f1xx_hal_flash.c 0x00000000   Number         0  stm32f1xx_hal_flash.o ABSOLUTE
    ..\Drivers\STM32F1xx_HAL_Driver\Src\stm32f1xx_hal_flash_ex.c 0x00000000   Number         0  stm32f1xx_hal_flash_ex.o ABSOLUTE
    ..\Drivers\STM32F1xx_HAL_Driver\Src\stm32f1xx_hal_gpio.c 0x00000000   Number         0  stm32f1xx_hal_gpio.o ABSOLUTE
    ..\Drivers\STM32F1xx_HAL_Driver\Src\stm32f1xx_hal_gpio_ex.c 0x00000000   Number         0  stm32f1xx_hal_gpio_ex.o ABSOLUTE
    ..\Drivers\STM32F1xx_HAL_Driver\Src\stm32f1xx_hal_pwr.c 0x00000000   Number         0  stm32f1xx_hal_pwr.o ABSOLUTE
    ..\Drivers\STM32F1xx_HAL_Driver\Src\stm32f1xx_hal_rcc.c 0x00000000   Number         0  stm32f1xx_hal_rcc.o ABSOLUTE
    ..\Drivers\STM32F1xx_HAL_Driver\Src\stm32f1xx_hal_rcc_ex.c 0x00000000   Number         0  stm32f1xx_hal_rcc_ex.o ABSOLUTE
    ..\Drivers\STM32F1xx_HAL_Driver\Src\stm32f1xx_hal_tim.c 0x00000000   Number         0  stm32f1xx_hal_tim.o ABSOLUTE
    ..\Drivers\STM32F1xx_HAL_Driver\Src\stm32f1xx_hal_tim_ex.c 0x00000000   Number         0  stm32f1xx_hal_tim_ex.o ABSOLUTE
    ..\Hardware\MENU.c                       0x00000000   Number         0  menu.o ABSOLUTE
    ..\Hardware\dht11.c                      0x00000000   Number         0  dht11.o ABSOLUTE
    ..\Hardware\encoder.c                    0x00000000   Number         0  encoder.o ABSOLUTE
    ..\Hardware\key.c                        0x00000000   Number         0  key.o ABSOLUTE
    ..\Hardware\motor.c                      0x00000000   Number         0  motor.o ABSOLUTE
    ..\OLED\OLED.c                           0x00000000   Number         0  oled.o ABSOLUTE
    ..\OLED\OLED_Data.c                      0x00000000   Number         0  oled_data.o ABSOLUTE
    ..\\Hardware\\MENU.c                     0x00000000   Number         0  menu.o ABSOLUTE
    ..\\Hardware\\dht11.c                    0x00000000   Number         0  dht11.o ABSOLUTE
    ..\\Hardware\\encoder.c                  0x00000000   Number         0  encoder.o ABSOLUTE
    ..\\Hardware\\key.c                      0x00000000   Number         0  key.o ABSOLUTE
    ..\\Hardware\\motor.c                    0x00000000   Number         0  motor.o ABSOLUTE
    ..\\OLED\\OLED.c                         0x00000000   Number         0  oled.o ABSOLUTE
    cdcmple.s                                0x00000000   Number         0  cdcmple.o ABSOLUTE
    cdrcmple.s                               0x00000000   Number         0  cdrcmple.o ABSOLUTE
    dc.s                                     0x00000000   Number         0  dc.o ABSOLUTE
    handlers.s                               0x00000000   Number         0  handlers.o ABSOLUTE
    init.s                                   0x00000000   Number         0  init.o ABSOLUTE
    startup_stm32f103xb.s                    0x00000000   Number         0  startup_stm32f103xb.o ABSOLUTE
    RESET                                    0x08000000   Section      236  startup_stm32f103xb.o(RESET)
    .ARM.Collect$$$$00000000                 0x080000ec   Section        0  entry.o(.ARM.Collect$$$$00000000)
    .ARM.Collect$$$$00000001                 0x080000ec   Section        4  entry2.o(.ARM.Collect$$$$00000001)
    .ARM.Collect$$$$00000004                 0x080000f0   Section        4  entry5.o(.ARM.Collect$$$$00000004)
    .ARM.Collect$$$$00000008                 0x080000f4   Section        0  entry7b.o(.ARM.Collect$$$$00000008)
    .ARM.Collect$$$$0000000A                 0x080000f4   Section        0  entry8b.o(.ARM.Collect$$$$0000000A)
    .ARM.Collect$$$$0000000B                 0x080000f4   Section        8  entry9a.o(.ARM.Collect$$$$0000000B)
    .ARM.Collect$$$$0000000D                 0x080000fc   Section        0  entry10a.o(.ARM.Collect$$$$0000000D)
    .ARM.Collect$$$$0000000F                 0x080000fc   Section        0  entry11a.o(.ARM.Collect$$$$0000000F)
    .ARM.Collect$$$$00002712                 0x080000fc   Section        4  entry2.o(.ARM.Collect$$$$00002712)
    __lit__00000000                          0x080000fc   Data           4  entry2.o(.ARM.Collect$$$$00002712)
    .text                                    0x08000100   Section       36  startup_stm32f103xb.o(.text)
    .text                                    0x08000124   Section        0  llushr.o(.text)
    .text                                    0x08000144   Section        0  memseta.o(.text)
    .text                                    0x08000168   Section        0  strcmp.o(.text)
    .text                                    0x08000184   Section        0  strcpy.o(.text)
    .text                                    0x08000196   Section        0  dadd.o(.text)
    .text                                    0x080002e4   Section        0  dmul.o(.text)
    .text                                    0x080003c8   Section        0  ddiv.o(.text)
    .text                                    0x080004a8   Section       48  cdrcmple.o(.text)
    .text                                    0x080004d8   Section        0  uidiv.o(.text)
    .text                                    0x08000504   Section        0  uldiv.o(.text)
    .text                                    0x08000566   Section        0  llshl.o(.text)
    .text                                    0x08000584   Section        0  llsshr.o(.text)
    .text                                    0x080005a8   Section        0  depilogue.o(.text)
    .text                                    0x080005a8   Section        0  iusefp.o(.text)
    .text                                    0x08000662   Section        0  dfixul.o(.text)
    .text                                    0x08000694   Section       36  init.o(.text)
    i.BusFault_Handler                       0x080006b8   Section        0  stm32f1xx_it.o(i.BusFault_Handler)
    i.DHT11_Check                            0x080006bc   Section        0  dht11.o(i.DHT11_Check)
    i.DHT11_IO_IN                            0x08000714   Section        0  dht11.o(i.DHT11_IO_IN)
    i.DHT11_IO_OUT                           0x0800072c   Section        0  dht11.o(i.DHT11_IO_OUT)
    i.DHT11_Init                             0x08000748   Section        0  dht11.o(i.DHT11_Init)
    i.DHT11_Read_Bit                         0x08000758   Section        0  dht11.o(i.DHT11_Read_Bit)
    i.DHT11_Read_Byte                        0x080007b0   Section        0  dht11.o(i.DHT11_Read_Byte)
    i.DHT11_Read_Data                        0x080007ca   Section        0  dht11.o(i.DHT11_Read_Data)
    i.DHT11_Rst                              0x08000824   Section        0  dht11.o(i.DHT11_Rst)
    i.DebugMon_Handler                       0x08000854   Section        0  stm32f1xx_it.o(i.DebugMon_Handler)
    i.Enoder_Get                             0x08000858   Section        0  encoder.o(i.Enoder_Get)
    i.Enoder_Init                            0x08000890   Section        0  encoder.o(i.Enoder_Init)
    i.Error_Handler                          0x080008ac   Section        0  main.o(i.Error_Handler)
    i.HAL_Delay                              0x080008b0   Section        0  stm32f1xx_hal.o(i.HAL_Delay)
    i.HAL_GPIO_Init                          0x080008d4   Section        0  stm32f1xx_hal_gpio.o(i.HAL_GPIO_Init)
    i.HAL_GPIO_ReadPin                       0x08000ab4   Section        0  stm32f1xx_hal_gpio.o(i.HAL_GPIO_ReadPin)
    i.HAL_GPIO_WritePin                      0x08000abe   Section        0  stm32f1xx_hal_gpio.o(i.HAL_GPIO_WritePin)
    i.HAL_GetTick                            0x08000ac8   Section        0  stm32f1xx_hal.o(i.HAL_GetTick)
    i.HAL_IncTick                            0x08000ad4   Section        0  stm32f1xx_hal.o(i.HAL_IncTick)
    i.HAL_Init                               0x08000ae4   Section        0  stm32f1xx_hal.o(i.HAL_Init)
    i.HAL_InitTick                           0x08000b08   Section        0  stm32f1xx_hal.o(i.HAL_InitTick)
    i.HAL_MspInit                            0x08000b48   Section        0  stm32f1xx_hal_msp.o(i.HAL_MspInit)
    i.HAL_NVIC_EnableIRQ                     0x08000b84   Section        0  stm32f1xx_hal_cortex.o(i.HAL_NVIC_EnableIRQ)
    i.HAL_NVIC_SetPriority                   0x08000ba0   Section        0  stm32f1xx_hal_cortex.o(i.HAL_NVIC_SetPriority)
    i.HAL_NVIC_SetPriorityGrouping           0x08000be0   Section        0  stm32f1xx_hal_cortex.o(i.HAL_NVIC_SetPriorityGrouping)
    i.HAL_RCC_ClockConfig                    0x08000c04   Section        0  stm32f1xx_hal_rcc.o(i.HAL_RCC_ClockConfig)
    i.HAL_RCC_GetSysClockFreq                0x08000d30   Section        0  stm32f1xx_hal_rcc.o(i.HAL_RCC_GetSysClockFreq)
    i.HAL_RCC_OscConfig                      0x08000d7c   Section        0  stm32f1xx_hal_rcc.o(i.HAL_RCC_OscConfig)
    i.HAL_SYSTICK_Config                     0x0800109c   Section        0  stm32f1xx_hal_cortex.o(i.HAL_SYSTICK_Config)
    i.HAL_TIMEx_BreakCallback                0x080010c4   Section        0  stm32f1xx_hal_tim_ex.o(i.HAL_TIMEx_BreakCallback)
    i.HAL_TIMEx_CommutCallback               0x080010c6   Section        0  stm32f1xx_hal_tim_ex.o(i.HAL_TIMEx_CommutCallback)
    i.HAL_TIMEx_MasterConfigSynchronization  0x080010c8   Section        0  stm32f1xx_hal_tim_ex.o(i.HAL_TIMEx_MasterConfigSynchronization)
    i.HAL_TIM_Base_Init                      0x08001130   Section        0  stm32f1xx_hal_tim.o(i.HAL_TIM_Base_Init)
    i.HAL_TIM_Base_MspInit                   0x0800118c   Section        0  tim.o(i.HAL_TIM_Base_MspInit)
    i.HAL_TIM_Base_Start                     0x080011f8   Section        0  stm32f1xx_hal_tim.o(i.HAL_TIM_Base_Start)
    i.HAL_TIM_Base_Start_IT                  0x08001248   Section        0  stm32f1xx_hal_tim.o(i.HAL_TIM_Base_Start_IT)
    i.HAL_TIM_Base_Stop                      0x080012a0   Section        0  stm32f1xx_hal_tim.o(i.HAL_TIM_Base_Stop)
    i.HAL_TIM_Base_Stop_IT                   0x080012c6   Section        0  stm32f1xx_hal_tim.o(i.HAL_TIM_Base_Stop_IT)
    i.HAL_TIM_ConfigClockSource              0x080012f6   Section        0  stm32f1xx_hal_tim.o(i.HAL_TIM_ConfigClockSource)
    i.HAL_TIM_Encoder_Init                   0x080013d2   Section        0  stm32f1xx_hal_tim.o(i.HAL_TIM_Encoder_Init)
    i.HAL_TIM_Encoder_MspInit                0x08001478   Section        0  tim.o(i.HAL_TIM_Encoder_MspInit)
    i.HAL_TIM_Encoder_Start                  0x080014cc   Section        0  stm32f1xx_hal_tim.o(i.HAL_TIM_Encoder_Start)
    i.HAL_TIM_IC_CaptureCallback             0x0800155a   Section        0  stm32f1xx_hal_tim.o(i.HAL_TIM_IC_CaptureCallback)
    i.HAL_TIM_IRQHandler                     0x0800155c   Section        0  stm32f1xx_hal_tim.o(i.HAL_TIM_IRQHandler)
    i.HAL_TIM_MspPostInit                    0x0800168c   Section        0  tim.o(i.HAL_TIM_MspPostInit)
    i.HAL_TIM_OC_DelayElapsedCallback        0x080016d4   Section        0  stm32f1xx_hal_tim.o(i.HAL_TIM_OC_DelayElapsedCallback)
    i.HAL_TIM_PWM_ConfigChannel              0x080016d6   Section        0  stm32f1xx_hal_tim.o(i.HAL_TIM_PWM_ConfigChannel)
    i.HAL_TIM_PWM_Init                       0x080017a2   Section        0  stm32f1xx_hal_tim.o(i.HAL_TIM_PWM_Init)
    i.HAL_TIM_PWM_MspInit                    0x080017fc   Section        0  stm32f1xx_hal_tim.o(i.HAL_TIM_PWM_MspInit)
    i.HAL_TIM_PWM_PulseFinishedCallback      0x080017fe   Section        0  stm32f1xx_hal_tim.o(i.HAL_TIM_PWM_PulseFinishedCallback)
    i.HAL_TIM_PWM_Start                      0x08001800   Section        0  stm32f1xx_hal_tim.o(i.HAL_TIM_PWM_Start)
    i.HAL_TIM_PeriodElapsedCallback          0x0800189c   Section        0  main.o(i.HAL_TIM_PeriodElapsedCallback)
    i.HAL_TIM_TriggerCallback                0x08001920   Section        0  stm32f1xx_hal_tim.o(i.HAL_TIM_TriggerCallback)
    i.HardFault_Handler                      0x08001922   Section        0  stm32f1xx_it.o(i.HardFault_Handler)
    i.Key_GetNum                             0x08001924   Section        0  key.o(i.Key_GetNum)
    i.MX_GPIO_Init                           0x080019b0   Section        0  gpio.o(i.MX_GPIO_Init)
    i.MX_TIM1_Init                           0x08001a6c   Section        0  tim.o(i.MX_TIM1_Init)
    i.MX_TIM2_Init                           0x08001ad4   Section        0  tim.o(i.MX_TIM2_Init)
    i.MX_TIM3_Init                           0x08001b68   Section        0  tim.o(i.MX_TIM3_Init)
    i.MX_TIM4_Init                           0x08001bd0   Section        0  tim.o(i.MX_TIM4_Init)
    i.MemManage_Handler                      0x08001c38   Section        0  stm32f1xx_it.o(i.MemManage_Handler)
    i.Motor_Init                             0x08001c3c   Section        0  motor.o(i.Motor_Init)
    i.Motor_SetSpeed                         0x08001c48   Section        0  motor.o(i.Motor_SetSpeed)
    i.NMI_Handler                            0x08001c90   Section        0  stm32f1xx_it.o(i.NMI_Handler)
    i.OLED_Clear                             0x08001c94   Section        0  oled.o(i.OLED_Clear)
    i.OLED_ClearArea                         0x08001cbc   Section        0  oled.o(i.OLED_ClearArea)
    i.OLED_GPIO_Init                         0x08001d18   Section        0  oled.o(i.OLED_GPIO_Init)
    i.OLED_I2C_SendByte                      0x08001d3e   Section        0  oled.o(i.OLED_I2C_SendByte)
    i.OLED_I2C_Start                         0x08001d78   Section        0  oled.o(i.OLED_I2C_Start)
    i.OLED_I2C_Stop                          0x08001d96   Section        0  oled.o(i.OLED_I2C_Stop)
    i.OLED_Init                              0x08001dae   Section        0  oled.o(i.OLED_Init)
    i.OLED_Printf                            0x08001e4a   Section        0  oled.o(i.OLED_Printf)
    i.OLED_ReverseArea                       0x08001e74   Section        0  oled.o(i.OLED_ReverseArea)
    i.OLED_SetCursor                         0x08001ecc   Section        0  oled.o(i.OLED_SetCursor)
    i.OLED_ShowChar                          0x08001ef0   Section        0  oled.o(i.OLED_ShowChar)
    i.OLED_ShowImage                         0x08001f2c   Section        0  oled.o(i.OLED_ShowImage)
    i.OLED_ShowString                        0x08001fe8   Section        0  oled.o(i.OLED_ShowString)
    i.OLED_Update                            0x080020c4   Section        0  oled.o(i.OLED_Update)
    i.OLED_W_SCL                             0x080020ec   Section        0  oled.o(i.OLED_W_SCL)
    i.OLED_W_SDA                             0x080020fc   Section        0  oled.o(i.OLED_W_SDA)
    i.OLED_WriteCommand                      0x0800210c   Section        0  oled.o(i.OLED_WriteCommand)
    i.OLED_WriteData                         0x0800212e   Section        0  oled.o(i.OLED_WriteData)
    i.PauseCountdown                         0x08002160   Section        0  menu.o(i.PauseCountdown)
    i.PendSV_Handler                         0x08002180   Section        0  stm32f1xx_it.o(i.PendSV_Handler)
    i.SVC_Handler                            0x08002182   Section        0  stm32f1xx_it.o(i.SVC_Handler)
    i.StartCountdown                         0x08002184   Section        0  menu.o(i.StartCountdown)
    i.SysTick_Handler                        0x080021c4   Section        0  stm32f1xx_it.o(i.SysTick_Handler)
    i.SystemClock_Config                     0x080021c8   Section        0  main.o(i.SystemClock_Config)
    i.SystemInit                             0x08002226   Section        0  system_stm32f1xx.o(i.SystemInit)
    i.TIM4_IRQHandler                        0x08002228   Section        0  stm32f1xx_it.o(i.TIM4_IRQHandler)
    i.TIM_Base_SetConfig                     0x08002234   Section        0  stm32f1xx_hal_tim.o(i.TIM_Base_SetConfig)
    i.TIM_CCxChannelCmd                      0x080022ac   Section        0  stm32f1xx_hal_tim.o(i.TIM_CCxChannelCmd)
    i.TIM_ETR_SetConfig                      0x080022c6   Section        0  stm32f1xx_hal_tim.o(i.TIM_ETR_SetConfig)
    i.TIM_ITRx_SetConfig                     0x080022da   Section        0  stm32f1xx_hal_tim.o(i.TIM_ITRx_SetConfig)
    TIM_ITRx_SetConfig                       0x080022db   Thumb Code    16  stm32f1xx_hal_tim.o(i.TIM_ITRx_SetConfig)
    i.TIM_OC1_SetConfig                      0x080022ec   Section        0  stm32f1xx_hal_tim.o(i.TIM_OC1_SetConfig)
    TIM_OC1_SetConfig                        0x080022ed   Thumb Code    74  stm32f1xx_hal_tim.o(i.TIM_OC1_SetConfig)
    i.TIM_OC2_SetConfig                      0x0800233c   Section        0  stm32f1xx_hal_tim.o(i.TIM_OC2_SetConfig)
    i.TIM_OC3_SetConfig                      0x08002394   Section        0  stm32f1xx_hal_tim.o(i.TIM_OC3_SetConfig)
    TIM_OC3_SetConfig                        0x08002395   Thumb Code    82  stm32f1xx_hal_tim.o(i.TIM_OC3_SetConfig)
    i.TIM_OC4_SetConfig                      0x080023ec   Section        0  stm32f1xx_hal_tim.o(i.TIM_OC4_SetConfig)
    TIM_OC4_SetConfig                        0x080023ed   Thumb Code    64  stm32f1xx_hal_tim.o(i.TIM_OC4_SetConfig)
    i.TIM_TI1_ConfigInputStage               0x08002430   Section        0  stm32f1xx_hal_tim.o(i.TIM_TI1_ConfigInputStage)
    TIM_TI1_ConfigInputStage                 0x08002431   Thumb Code    34  stm32f1xx_hal_tim.o(i.TIM_TI1_ConfigInputStage)
    i.TIM_TI2_ConfigInputStage               0x08002452   Section        0  stm32f1xx_hal_tim.o(i.TIM_TI2_ConfigInputStage)
    TIM_TI2_ConfigInputStage                 0x08002453   Thumb Code    36  stm32f1xx_hal_tim.o(i.TIM_TI2_ConfigInputStage)
    i.UsageFault_Handler                     0x08002476   Section        0  stm32f1xx_it.o(i.UsageFault_Handler)
    i.__0vsprintf                            0x08002478   Section        0  printfa.o(i.__0vsprintf)
    i.__NVIC_SetPriority                     0x0800249c   Section        0  stm32f1xx_hal_cortex.o(i.__NVIC_SetPriority)
    __NVIC_SetPriority                       0x0800249d   Thumb Code    32  stm32f1xx_hal_cortex.o(i.__NVIC_SetPriority)
    i.__scatterload_copy                     0x080024bc   Section       14  handlers.o(i.__scatterload_copy)
    i.__scatterload_null                     0x080024ca   Section        2  handlers.o(i.__scatterload_null)
    i.__scatterload_zeroinit                 0x080024cc   Section       14  handlers.o(i.__scatterload_zeroinit)
    i._fp_digits                             0x080024dc   Section        0  printfa.o(i._fp_digits)
    _fp_digits                               0x080024dd   Thumb Code   366  printfa.o(i._fp_digits)
    i._printf_core                           0x08002660   Section        0  printfa.o(i._printf_core)
    _printf_core                             0x08002661   Thumb Code  1744  printfa.o(i._printf_core)
    i._printf_post_padding                   0x08002d3c   Section        0  printfa.o(i._printf_post_padding)
    _printf_post_padding                     0x08002d3d   Thumb Code    36  printfa.o(i._printf_post_padding)
    i._printf_pre_padding                    0x08002d60   Section        0  printfa.o(i._printf_pre_padding)
    _printf_pre_padding                      0x08002d61   Thumb Code    46  printfa.o(i._printf_pre_padding)
    i._sputc                                 0x08002d8e   Section        0  printfa.o(i._sputc)
    _sputc                                   0x08002d8f   Thumb Code    10  printfa.o(i._sputc)
    i.delay_us                               0x08002d98   Section        0  tim.o(i.delay_us)
    i.main                                   0x08002dc8   Section        0  main.o(i.main)
    i.menu1                                  0x08002dfc   Section        0  menu.o(i.menu1)
    i.menu21                                 0x08002fa4   Section        0  menu.o(i.menu21)
    i.menu22                                 0x08003230   Section        0  menu.o(i.menu22)
    i.menu23                                 0x080033b0   Section        0  menu.o(i.menu23)
    i.menu3_ControlHumidity                  0x080034f0   Section        0  menu.o(i.menu3_ControlHumidity)
    i.menu3_ControlTemperature               0x080035e4   Section        0  menu.o(i.menu3_ControlTemperature)
    i.menu3_SetHour                          0x080036d8   Section        0  menu.o(i.menu3_SetHour)
    i.menu3_SetMin                           0x080037e8   Section        0  menu.o(i.menu3_SetMin)
    i.menu3_SetSec                           0x080038f0   Section        0  menu.o(i.menu3_SetSec)
    i.menu3_SetSpeed                         0x080039f8   Section        0  menu.o(i.menu3_SetSpeed)
    i.menu3_Start                            0x08003abc   Section        0  menu.o(i.menu3_Start)
    .constdata                               0x08003bac   Section       18  stm32f1xx_hal_rcc.o(.constdata)
    aPredivFactorTable                       0x08003bac   Data           2  stm32f1xx_hal_rcc.o(.constdata)
    aPLLMULFactorTable                       0x08003bae   Data          16  stm32f1xx_hal_rcc.o(.constdata)
    .constdata                               0x08003bbe   Section       16  system_stm32f1xx.o(.constdata)
    .constdata                               0x08003bce   Section     1520  oled_data.o(.constdata)
    .constdata                               0x080041be   Section      570  oled_data.o(.constdata)
    .constdata                               0x080043f8   Section     1750  oled_data.o(.constdata)
    .data                                    0x20000000   Section       12  stm32f1xx_hal.o(.data)
    .data                                    0x2000000c   Section        4  system_stm32f1xx.o(.data)
    .data                                    0x20000010   Section       29  menu.o(.data)
    .bss                                     0x20000030   Section      288  tim.o(.bss)
    .bss                                     0x20000150   Section       12  menu.o(.bss)
    .bss                                     0x2000015c   Section     1024  oled.o(.bss)
    STACK                                    0x20000560   Section     1024  startup_stm32f103xb.o(STACK)

    Global Symbols

    Symbol Name                              Value     Ov Type        Size  Object(Section)

    BuildAttributes$$THM_ISAv4$P$D$K$B$S$PE$A:L22UL41UL21$X:L11$S22US41US21$IEEE1$IW$USESV6$~STKCKD$USESV7$~SHL$OTIME$ROPI$IEEEX$EBA8$MICROLIB$REQ8$PRES8$EABIv2 0x00000000   Number         0  anon$$obj.o ABSOLUTE
    __ARM_use_no_argv                        0x00000000   Number         0  main.o ABSOLUTE
    __cpp_initialize__aeabi_                  - Undefined Weak Reference
    __cxa_finalize                            - Undefined Weak Reference
    __decompress                              - Undefined Weak Reference
    _clock_init                               - Undefined Weak Reference
    _microlib_exit                            - Undefined Weak Reference
    __Vectors_Size                           0x000000ec   Number         0  startup_stm32f103xb.o ABSOLUTE
    __Vectors                                0x08000000   Data           4  startup_stm32f103xb.o(RESET)
    __Vectors_End                            0x080000ec   Data           0  startup_stm32f103xb.o(RESET)
    __main                                   0x080000ed   Thumb Code     0  entry.o(.ARM.Collect$$$$00000000)
    _main_stk                                0x080000ed   Thumb Code     0  entry2.o(.ARM.Collect$$$$00000001)
    _main_scatterload                        0x080000f1   Thumb Code     0  entry5.o(.ARM.Collect$$$$00000004)
    __main_after_scatterload                 0x080000f5   Thumb Code     0  entry5.o(.ARM.Collect$$$$00000004)
    _main_clock                              0x080000f5   Thumb Code     0  entry7b.o(.ARM.Collect$$$$00000008)
    _main_cpp_init                           0x080000f5   Thumb Code     0  entry8b.o(.ARM.Collect$$$$0000000A)
    _main_init                               0x080000f5   Thumb Code     0  entry9a.o(.ARM.Collect$$$$0000000B)
    __rt_final_cpp                           0x080000fd   Thumb Code     0  entry10a.o(.ARM.Collect$$$$0000000D)
    __rt_final_exit                          0x080000fd   Thumb Code     0  entry11a.o(.ARM.Collect$$$$0000000F)
    Reset_Handler                            0x08000101   Thumb Code     8  startup_stm32f103xb.o(.text)
    ADC1_2_IRQHandler                        0x0800011b   Thumb Code     0  startup_stm32f103xb.o(.text)
    CAN1_RX1_IRQHandler                      0x0800011b   Thumb Code     0  startup_stm32f103xb.o(.text)
    CAN1_SCE_IRQHandler                      0x0800011b   Thumb Code     0  startup_stm32f103xb.o(.text)
    DMA1_Channel1_IRQHandler                 0x0800011b   Thumb Code     0  startup_stm32f103xb.o(.text)
    DMA1_Channel2_IRQHandler                 0x0800011b   Thumb Code     0  startup_stm32f103xb.o(.text)
    DMA1_Channel3_IRQHandler                 0x0800011b   Thumb Code     0  startup_stm32f103xb.o(.text)
    DMA1_Channel4_IRQHandler                 0x0800011b   Thumb Code     0  startup_stm32f103xb.o(.text)
    DMA1_Channel5_IRQHandler                 0x0800011b   Thumb Code     0  startup_stm32f103xb.o(.text)
    DMA1_Channel6_IRQHandler                 0x0800011b   Thumb Code     0  startup_stm32f103xb.o(.text)
    DMA1_Channel7_IRQHandler                 0x0800011b   Thumb Code     0  startup_stm32f103xb.o(.text)
    EXTI0_IRQHandler                         0x0800011b   Thumb Code     0  startup_stm32f103xb.o(.text)
    EXTI15_10_IRQHandler                     0x0800011b   Thumb Code     0  startup_stm32f103xb.o(.text)
    EXTI1_IRQHandler                         0x0800011b   Thumb Code     0  startup_stm32f103xb.o(.text)
    EXTI2_IRQHandler                         0x0800011b   Thumb Code     0  startup_stm32f103xb.o(.text)
    EXTI3_IRQHandler                         0x0800011b   Thumb Code     0  startup_stm32f103xb.o(.text)
    EXTI4_IRQHandler                         0x0800011b   Thumb Code     0  startup_stm32f103xb.o(.text)
    EXTI9_5_IRQHandler                       0x0800011b   Thumb Code     0  startup_stm32f103xb.o(.text)
    FLASH_IRQHandler                         0x0800011b   Thumb Code     0  startup_stm32f103xb.o(.text)
    I2C1_ER_IRQHandler                       0x0800011b   Thumb Code     0  startup_stm32f103xb.o(.text)
    I2C1_EV_IRQHandler                       0x0800011b   Thumb Code     0  startup_stm32f103xb.o(.text)
    I2C2_ER_IRQHandler                       0x0800011b   Thumb Code     0  startup_stm32f103xb.o(.text)
    I2C2_EV_IRQHandler                       0x0800011b   Thumb Code     0  startup_stm32f103xb.o(.text)
    PVD_IRQHandler                           0x0800011b   Thumb Code     0  startup_stm32f103xb.o(.text)
    RCC_IRQHandler                           0x0800011b   Thumb Code     0  startup_stm32f103xb.o(.text)
    RTC_Alarm_IRQHandler                     0x0800011b   Thumb Code     0  startup_stm32f103xb.o(.text)
    RTC_IRQHandler                           0x0800011b   Thumb Code     0  startup_stm32f103xb.o(.text)
    SPI1_IRQHandler                          0x0800011b   Thumb Code     0  startup_stm32f103xb.o(.text)
    SPI2_IRQHandler                          0x0800011b   Thumb Code     0  startup_stm32f103xb.o(.text)
    TAMPER_IRQHandler                        0x0800011b   Thumb Code     0  startup_stm32f103xb.o(.text)
    TIM1_BRK_IRQHandler                      0x0800011b   Thumb Code     0  startup_stm32f103xb.o(.text)
    TIM1_CC_IRQHandler                       0x0800011b   Thumb Code     0  startup_stm32f103xb.o(.text)
    TIM1_TRG_COM_IRQHandler                  0x0800011b   Thumb Code     0  startup_stm32f103xb.o(.text)
    TIM1_UP_IRQHandler                       0x0800011b   Thumb Code     0  startup_stm32f103xb.o(.text)
    TIM2_IRQHandler                          0x0800011b   Thumb Code     0  startup_stm32f103xb.o(.text)
    TIM3_IRQHandler                          0x0800011b   Thumb Code     0  startup_stm32f103xb.o(.text)
    USART1_IRQHandler                        0x0800011b   Thumb Code     0  startup_stm32f103xb.o(.text)
    USART2_IRQHandler                        0x0800011b   Thumb Code     0  startup_stm32f103xb.o(.text)
    USART3_IRQHandler                        0x0800011b   Thumb Code     0  startup_stm32f103xb.o(.text)
    USBWakeUp_IRQHandler                     0x0800011b   Thumb Code     0  startup_stm32f103xb.o(.text)
    USB_HP_CAN1_TX_IRQHandler                0x0800011b   Thumb Code     0  startup_stm32f103xb.o(.text)
    USB_LP_CAN1_RX0_IRQHandler               0x0800011b   Thumb Code     0  startup_stm32f103xb.o(.text)
    WWDG_IRQHandler                          0x0800011b   Thumb Code     0  startup_stm32f103xb.o(.text)
    __aeabi_llsr                             0x08000125   Thumb Code    32  llushr.o(.text)
    _ll_ushift_r                             0x08000125   Thumb Code     0  llushr.o(.text)
    __aeabi_memset                           0x08000145   Thumb Code    14  memseta.o(.text)
    __aeabi_memset4                          0x08000145   Thumb Code     0  memseta.o(.text)
    __aeabi_memset8                          0x08000145   Thumb Code     0  memseta.o(.text)
    __aeabi_memclr                           0x08000153   Thumb Code     4  memseta.o(.text)
    __aeabi_memclr4                          0x08000153   Thumb Code     0  memseta.o(.text)
    __aeabi_memclr8                          0x08000153   Thumb Code     0  memseta.o(.text)
    _memset$wrapper                          0x08000157   Thumb Code    18  memseta.o(.text)
    strcmp                                   0x08000169   Thumb Code    28  strcmp.o(.text)
    strcpy                                   0x08000185   Thumb Code    18  strcpy.o(.text)
    __aeabi_dadd                             0x08000197   Thumb Code   322  dadd.o(.text)
    __aeabi_dsub                             0x080002d9   Thumb Code     6  dadd.o(.text)
    __aeabi_drsub                            0x080002df   Thumb Code     6  dadd.o(.text)
    __aeabi_dmul                             0x080002e5   Thumb Code   228  dmul.o(.text)
    __aeabi_ddiv                             0x080003c9   Thumb Code   222  ddiv.o(.text)
    __aeabi_cdrcmple                         0x080004a9   Thumb Code    48  cdrcmple.o(.text)
    __aeabi_uidiv                            0x080004d9   Thumb Code     0  uidiv.o(.text)
    __aeabi_uidivmod                         0x080004d9   Thumb Code    44  uidiv.o(.text)
    __aeabi_uldivmod                         0x08000505   Thumb Code    98  uldiv.o(.text)
    __aeabi_llsl                             0x08000567   Thumb Code    30  llshl.o(.text)
    _ll_shift_l                              0x08000567   Thumb Code     0  llshl.o(.text)
    __aeabi_lasr                             0x08000585   Thumb Code    36  llsshr.o(.text)
    _ll_sshift_r                             0x08000585   Thumb Code     0  llsshr.o(.text)
    __I$use$fp                               0x080005a9   Thumb Code     0  iusefp.o(.text)
    _double_round                            0x080005a9   Thumb Code    30  depilogue.o(.text)
    _double_epilogue                         0x080005c7   Thumb Code   156  depilogue.o(.text)
    __aeabi_d2ulz                            0x08000663   Thumb Code    48  dfixul.o(.text)
    __scatterload                            0x08000695   Thumb Code    28  init.o(.text)
    __scatterload_rt2                        0x08000695   Thumb Code     0  init.o(.text)
    BusFault_Handler                         0x080006b9   Thumb Code     2  stm32f1xx_it.o(i.BusFault_Handler)
    DHT11_Check                              0x080006bd   Thumb Code    84  dht11.o(i.DHT11_Check)
    DHT11_IO_IN                              0x08000715   Thumb Code    20  dht11.o(i.DHT11_IO_IN)
    DHT11_IO_OUT                             0x0800072d   Thumb Code    24  dht11.o(i.DHT11_IO_OUT)
    DHT11_Init                               0x08000749   Thumb Code    14  dht11.o(i.DHT11_Init)
    DHT11_Read_Bit                           0x08000759   Thumb Code    82  dht11.o(i.DHT11_Read_Bit)
    DHT11_Read_Byte                          0x080007b1   Thumb Code    26  dht11.o(i.DHT11_Read_Byte)
    DHT11_Read_Data                          0x080007cb   Thumb Code    88  dht11.o(i.DHT11_Read_Data)
    DHT11_Rst                                0x08000825   Thumb Code    44  dht11.o(i.DHT11_Rst)
    DebugMon_Handler                         0x08000855   Thumb Code     2  stm32f1xx_it.o(i.DebugMon_Handler)
    Enoder_Get                               0x08000859   Thumb Code    50  encoder.o(i.Enoder_Get)
    Enoder_Init                              0x08000891   Thumb Code    22  encoder.o(i.Enoder_Init)
    Error_Handler                            0x080008ad   Thumb Code     4  main.o(i.Error_Handler)
    HAL_Delay                                0x080008b1   Thumb Code    32  stm32f1xx_hal.o(i.HAL_Delay)
    HAL_GPIO_Init                            0x080008d5   Thumb Code   446  stm32f1xx_hal_gpio.o(i.HAL_GPIO_Init)
    HAL_GPIO_ReadPin                         0x08000ab5   Thumb Code    10  stm32f1xx_hal_gpio.o(i.HAL_GPIO_ReadPin)
    HAL_GPIO_WritePin                        0x08000abf   Thumb Code    10  stm32f1xx_hal_gpio.o(i.HAL_GPIO_WritePin)
    HAL_GetTick                              0x08000ac9   Thumb Code     6  stm32f1xx_hal.o(i.HAL_GetTick)
    HAL_IncTick                              0x08000ad5   Thumb Code    12  stm32f1xx_hal.o(i.HAL_IncTick)
    HAL_Init                                 0x08000ae5   Thumb Code    32  stm32f1xx_hal.o(i.HAL_Init)
    HAL_InitTick                             0x08000b09   Thumb Code    54  stm32f1xx_hal.o(i.HAL_InitTick)
    HAL_MspInit                              0x08000b49   Thumb Code    52  stm32f1xx_hal_msp.o(i.HAL_MspInit)
    HAL_NVIC_EnableIRQ                       0x08000b85   Thumb Code    26  stm32f1xx_hal_cortex.o(i.HAL_NVIC_EnableIRQ)
    HAL_NVIC_SetPriority                     0x08000ba1   Thumb Code    60  stm32f1xx_hal_cortex.o(i.HAL_NVIC_SetPriority)
    HAL_NVIC_SetPriorityGrouping             0x08000be1   Thumb Code    26  stm32f1xx_hal_cortex.o(i.HAL_NVIC_SetPriorityGrouping)
    HAL_RCC_ClockConfig                      0x08000c05   Thumb Code   280  stm32f1xx_hal_rcc.o(i.HAL_RCC_ClockConfig)
    HAL_RCC_GetSysClockFreq                  0x08000d31   Thumb Code    58  stm32f1xx_hal_rcc.o(i.HAL_RCC_GetSysClockFreq)
    HAL_RCC_OscConfig                        0x08000d7d   Thumb Code   778  stm32f1xx_hal_rcc.o(i.HAL_RCC_OscConfig)
    HAL_SYSTICK_Config                       0x0800109d   Thumb Code    40  stm32f1xx_hal_cortex.o(i.HAL_SYSTICK_Config)
    HAL_TIMEx_BreakCallback                  0x080010c5   Thumb Code     2  stm32f1xx_hal_tim_ex.o(i.HAL_TIMEx_BreakCallback)
    HAL_TIMEx_CommutCallback                 0x080010c7   Thumb Code     2  stm32f1xx_hal_tim_ex.o(i.HAL_TIMEx_CommutCallback)
    HAL_TIMEx_MasterConfigSynchronization    0x080010c9   Thumb Code    92  stm32f1xx_hal_tim_ex.o(i.HAL_TIMEx_MasterConfigSynchronization)
    HAL_TIM_Base_Init                        0x08001131   Thumb Code    90  stm32f1xx_hal_tim.o(i.HAL_TIM_Base_Init)
    HAL_TIM_Base_MspInit                     0x0800118d   Thumb Code    94  tim.o(i.HAL_TIM_Base_MspInit)
    HAL_TIM_Base_Start                       0x080011f9   Thumb Code    66  stm32f1xx_hal_tim.o(i.HAL_TIM_Base_Start)
    HAL_TIM_Base_Start_IT                    0x08001249   Thumb Code    76  stm32f1xx_hal_tim.o(i.HAL_TIM_Base_Start_IT)
    HAL_TIM_Base_Stop                        0x080012a1   Thumb Code    38  stm32f1xx_hal_tim.o(i.HAL_TIM_Base_Stop)
    HAL_TIM_Base_Stop_IT                     0x080012c7   Thumb Code    48  stm32f1xx_hal_tim.o(i.HAL_TIM_Base_Stop_IT)
    HAL_TIM_ConfigClockSource                0x080012f7   Thumb Code   220  stm32f1xx_hal_tim.o(i.HAL_TIM_ConfigClockSource)
    HAL_TIM_Encoder_Init                     0x080013d3   Thumb Code   164  stm32f1xx_hal_tim.o(i.HAL_TIM_Encoder_Init)
    HAL_TIM_Encoder_MspInit                  0x08001479   Thumb Code    72  tim.o(i.HAL_TIM_Encoder_MspInit)
    HAL_TIM_Encoder_Start                    0x080014cd   Thumb Code   142  stm32f1xx_hal_tim.o(i.HAL_TIM_Encoder_Start)
    HAL_TIM_IC_CaptureCallback               0x0800155b   Thumb Code     2  stm32f1xx_hal_tim.o(i.HAL_TIM_IC_CaptureCallback)
    HAL_TIM_IRQHandler                       0x0800155d   Thumb Code   304  stm32f1xx_hal_tim.o(i.HAL_TIM_IRQHandler)
    HAL_TIM_MspPostInit                      0x0800168d   Thumb Code    62  tim.o(i.HAL_TIM_MspPostInit)
    HAL_TIM_OC_DelayElapsedCallback          0x080016d5   Thumb Code     2  stm32f1xx_hal_tim.o(i.HAL_TIM_OC_DelayElapsedCallback)
    HAL_TIM_PWM_ConfigChannel                0x080016d7   Thumb Code   204  stm32f1xx_hal_tim.o(i.HAL_TIM_PWM_ConfigChannel)
    HAL_TIM_PWM_Init                         0x080017a3   Thumb Code    90  stm32f1xx_hal_tim.o(i.HAL_TIM_PWM_Init)
    HAL_TIM_PWM_MspInit                      0x080017fd   Thumb Code     2  stm32f1xx_hal_tim.o(i.HAL_TIM_PWM_MspInit)
    HAL_TIM_PWM_PulseFinishedCallback        0x080017ff   Thumb Code     2  stm32f1xx_hal_tim.o(i.HAL_TIM_PWM_PulseFinishedCallback)
    HAL_TIM_PWM_Start                        0x08001801   Thumb Code   144  stm32f1xx_hal_tim.o(i.HAL_TIM_PWM_Start)
    HAL_TIM_PeriodElapsedCallback            0x0800189d   Thumb Code   108  main.o(i.HAL_TIM_PeriodElapsedCallback)
    HAL_TIM_TriggerCallback                  0x08001921   Thumb Code     2  stm32f1xx_hal_tim.o(i.HAL_TIM_TriggerCallback)
    HardFault_Handler                        0x08001923   Thumb Code     2  stm32f1xx_it.o(i.HardFault_Handler)
    Key_GetNum                               0x08001925   Thumb Code   136  key.o(i.Key_GetNum)
    MX_GPIO_Init                             0x080019b1   Thumb Code   174  gpio.o(i.MX_GPIO_Init)
    MX_TIM1_Init                             0x08001a6d   Thumb Code    96  tim.o(i.MX_TIM1_Init)
    MX_TIM2_Init                             0x08001ad5   Thumb Code   144  tim.o(i.MX_TIM2_Init)
    MX_TIM3_Init                             0x08001b69   Thumb Code    96  tim.o(i.MX_TIM3_Init)
    MX_TIM4_Init                             0x08001bd1   Thumb Code    96  tim.o(i.MX_TIM4_Init)
    MemManage_Handler                        0x08001c39   Thumb Code     2  stm32f1xx_it.o(i.MemManage_Handler)
    Motor_Init                               0x08001c3d   Thumb Code     8  motor.o(i.Motor_Init)
    Motor_SetSpeed                           0x08001c49   Thumb Code    64  motor.o(i.Motor_SetSpeed)
    NMI_Handler                              0x08001c91   Thumb Code     2  stm32f1xx_it.o(i.NMI_Handler)
    OLED_Clear                               0x08001c95   Thumb Code    34  oled.o(i.OLED_Clear)
    OLED_ClearArea                           0x08001cbd   Thumb Code    86  oled.o(i.OLED_ClearArea)
    OLED_GPIO_Init                           0x08001d19   Thumb Code    38  oled.o(i.OLED_GPIO_Init)
    OLED_I2C_SendByte                        0x08001d3f   Thumb Code    58  oled.o(i.OLED_I2C_SendByte)
    OLED_I2C_Start                           0x08001d79   Thumb Code    30  oled.o(i.OLED_I2C_Start)
    OLED_I2C_Stop                            0x08001d97   Thumb Code    24  oled.o(i.OLED_I2C_Stop)
    OLED_Init                                0x08001daf   Thumb Code   156  oled.o(i.OLED_Init)
    OLED_Printf                              0x08001e4b   Thumb Code    42  oled.o(i.OLED_Printf)
    OLED_ReverseArea                         0x08001e75   Thumb Code    84  oled.o(i.OLED_ReverseArea)
    OLED_SetCursor                           0x08001ecd   Thumb Code    34  oled.o(i.OLED_SetCursor)
    OLED_ShowChar                            0x08001ef1   Thumb Code    52  oled.o(i.OLED_ShowChar)
    OLED_ShowImage                           0x08001f2d   Thumb Code   182  oled.o(i.OLED_ShowImage)
    OLED_ShowString                          0x08001fe9   Thumb Code   210  oled.o(i.OLED_ShowString)
    OLED_Update                              0x080020c5   Thumb Code    34  oled.o(i.OLED_Update)
    OLED_W_SCL                               0x080020ed   Thumb Code    12  oled.o(i.OLED_W_SCL)
    OLED_W_SDA                               0x080020fd   Thumb Code    12  oled.o(i.OLED_W_SDA)
    OLED_WriteCommand                        0x0800210d   Thumb Code    34  oled.o(i.OLED_WriteCommand)
    OLED_WriteData                           0x0800212f   Thumb Code    48  oled.o(i.OLED_WriteData)
    PauseCountdown                           0x08002161   Thumb Code    24  menu.o(i.PauseCountdown)
    PendSV_Handler                           0x08002181   Thumb Code     2  stm32f1xx_it.o(i.PendSV_Handler)
    SVC_Handler                              0x08002183   Thumb Code     2  stm32f1xx_it.o(i.SVC_Handler)
    StartCountdown                           0x08002185   Thumb Code    50  menu.o(i.StartCountdown)
    SysTick_Handler                          0x080021c5   Thumb Code     4  stm32f1xx_it.o(i.SysTick_Handler)
    SystemClock_Config                       0x080021c9   Thumb Code    94  main.o(i.SystemClock_Config)
    SystemInit                               0x08002227   Thumb Code     2  system_stm32f1xx.o(i.SystemInit)
    TIM4_IRQHandler                          0x08002229   Thumb Code     6  stm32f1xx_it.o(i.TIM4_IRQHandler)
    TIM_Base_SetConfig                       0x08002235   Thumb Code   108  stm32f1xx_hal_tim.o(i.TIM_Base_SetConfig)
    TIM_CCxChannelCmd                        0x080022ad   Thumb Code    26  stm32f1xx_hal_tim.o(i.TIM_CCxChannelCmd)
    TIM_ETR_SetConfig                        0x080022c7   Thumb Code    20  stm32f1xx_hal_tim.o(i.TIM_ETR_SetConfig)
    TIM_OC2_SetConfig                        0x0800233d   Thumb Code    84  stm32f1xx_hal_tim.o(i.TIM_OC2_SetConfig)
    UsageFault_Handler                       0x08002477   Thumb Code     2  stm32f1xx_it.o(i.UsageFault_Handler)
    __0vsprintf                              0x08002479   Thumb Code    30  printfa.o(i.__0vsprintf)
    __1vsprintf                              0x08002479   Thumb Code     0  printfa.o(i.__0vsprintf)
    __2vsprintf                              0x08002479   Thumb Code     0  printfa.o(i.__0vsprintf)
    __c89vsprintf                            0x08002479   Thumb Code     0  printfa.o(i.__0vsprintf)
    vsprintf                                 0x08002479   Thumb Code     0  printfa.o(i.__0vsprintf)
    __scatterload_copy                       0x080024bd   Thumb Code    14  handlers.o(i.__scatterload_copy)
    __scatterload_null                       0x080024cb   Thumb Code     2  handlers.o(i.__scatterload_null)
    __scatterload_zeroinit                   0x080024cd   Thumb Code    14  handlers.o(i.__scatterload_zeroinit)
    delay_us                                 0x08002d99   Thumb Code    44  tim.o(i.delay_us)
    main                                     0x08002dc9   Thumb Code    50  main.o(i.main)
    menu1                                    0x08002dfd   Thumb Code   306  menu.o(i.menu1)
    menu21                                   0x08002fa5   Thumb Code   486  menu.o(i.menu21)
    menu22                                   0x08003231   Thumb Code   284  menu.o(i.menu22)
    menu23                                   0x080033b1   Thumb Code   242  menu.o(i.menu23)
    menu3_ControlHumidity                    0x080034f1   Thumb Code   160  menu.o(i.menu3_ControlHumidity)
    menu3_ControlTemperature                 0x080035e5   Thumb Code   160  menu.o(i.menu3_ControlTemperature)
    menu3_SetHour                            0x080036d9   Thumb Code   158  menu.o(i.menu3_SetHour)
    menu3_SetMin                             0x080037e9   Thumb Code   150  menu.o(i.menu3_SetMin)
    menu3_SetSec                             0x080038f1   Thumb Code   150  menu.o(i.menu3_SetSec)
    menu3_SetSpeed                           0x080039f9   Thumb Code   138  menu.o(i.menu3_SetSpeed)
    menu3_Start                              0x08003abd   Thumb Code   150  menu.o(i.menu3_Start)
    AHBPrescTable                            0x08003bbe   Data          16  system_stm32f1xx.o(.constdata)
    OLED_F8x16                               0x08003bce   Data        1520  oled_data.o(.constdata)
    OLED_F6x8                                0x080041be   Data         570  oled_data.o(.constdata)
    OLED_CF16x16                             0x080043f8   Data        1750  oled_data.o(.constdata)
    Region$$Table$$Base                      0x08004ad0   Number         0  anon$$obj.o(Region$$Table)
    Region$$Table$$Limit                     0x08004af0   Number         0  anon$$obj.o(Region$$Table)
    uwTickFreq                               0x20000000   Data           1  stm32f1xx_hal.o(.data)
    uwTickPrio                               0x20000004   Data           4  stm32f1xx_hal.o(.data)
    uwTick                                   0x20000008   Data           4  stm32f1xx_hal.o(.data)
    SystemCoreClock                          0x2000000c   Data           4  system_stm32f1xx.o(.data)
    KeyNum                                   0x20000010   Data           1  menu.o(.data)
    Motor_Speed                              0x20000011   Data           1  menu.o(.data)
    lock_flag                                0x20000012   Data           1  menu.o(.data)
    timer1s_flag                             0x20000013   Data           1  menu.o(.data)
    temperature                              0x20000014   Data           2  menu.o(.data)
    humidity                                 0x20000016   Data           2  menu.o(.data)
    Hour                                     0x20000018   Data           4  menu.o(.data)
    Min                                      0x2000001c   Data           4  menu.o(.data)
    Sec                                      0x20000020   Data           4  menu.o(.data)
    lock                                     0x20000024   Data           9  menu.o(.data)
    htim1                                    0x20000030   Data          72  tim.o(.bss)
    htim2                                    0x20000078   Data          72  tim.o(.bss)
    htim3                                    0x200000c0   Data          72  tim.o(.bss)
    htim4                                    0x20000108   Data          72  tim.o(.bss)
    cdt                                      0x20000150   Data          12  menu.o(.bss)
    OLED_DisplayBuf                          0x2000015c   Data        1024  oled.o(.bss)
    __initial_sp                             0x20000960   Data           0  startup_stm32f103xb.o(STACK)



==============================================================================

Memory Map of the image

  Image Entry point : 0x080000ed

  Load Region LR_IROM1 (Base: 0x08000000, Size: 0x00004b20, Max: 0x00010000, ABSOLUTE)

    Execution Region ER_IROM1 (Exec base: 0x08000000, Load base: 0x08000000, Size: 0x00004af0, Max: 0x00010000, ABSOLUTE)

    Exec Addr    Load Addr    Size         Type   Attr      Idx    E Section Name        Object

    0x08000000   0x08000000   0x000000ec   Data   RO            3    RESET               startup_stm32f103xb.o
    0x080000ec   0x080000ec   0x00000000   Code   RO         2961  * .ARM.Collect$$$$00000000  mc_w.l(entry.o)
    0x080000ec   0x080000ec   0x00000004   Code   RO         3049    .ARM.Collect$$$$00000001  mc_w.l(entry2.o)
    0x080000f0   0x080000f0   0x00000004   Code   RO         3052    .ARM.Collect$$$$00000004  mc_w.l(entry5.o)
    0x080000f4   0x080000f4   0x00000000   Code   RO         3054    .ARM.Collect$$$$00000008  mc_w.l(entry7b.o)
    0x080000f4   0x080000f4   0x00000000   Code   RO         3056    .ARM.Collect$$$$0000000A  mc_w.l(entry8b.o)
    0x080000f4   0x080000f4   0x00000008   Code   RO         3057    .ARM.Collect$$$$0000000B  mc_w.l(entry9a.o)
    0x080000fc   0x080000fc   0x00000000   Code   RO         3059    .ARM.Collect$$$$0000000D  mc_w.l(entry10a.o)
    0x080000fc   0x080000fc   0x00000000   Code   RO         3061    .ARM.Collect$$$$0000000F  mc_w.l(entry11a.o)
    0x080000fc   0x080000fc   0x00000004   Code   RO         3050    .ARM.Collect$$$$00002712  mc_w.l(entry2.o)
    0x08000100   0x08000100   0x00000024   Code   RO            4    .text               startup_stm32f103xb.o
    0x08000124   0x08000124   0x00000020   Code   RO         2964    .text               mc_w.l(llushr.o)
    0x08000144   0x08000144   0x00000024   Code   RO         2966    .text               mc_w.l(memseta.o)
    0x08000168   0x08000168   0x0000001c   Code   RO         2968    .text               mc_w.l(strcmp.o)
    0x08000184   0x08000184   0x00000012   Code   RO         2970    .text               mc_w.l(strcpy.o)
    0x08000196   0x08000196   0x0000014e   Code   RO         3002    .text               mf_w.l(dadd.o)
    0x080002e4   0x080002e4   0x000000e4   Code   RO         3004    .text               mf_w.l(dmul.o)
    0x080003c8   0x080003c8   0x000000de   Code   RO         3006    .text               mf_w.l(ddiv.o)
    0x080004a6   0x080004a6   0x00000002   PAD
    0x080004a8   0x080004a8   0x00000030   Code   RO         3020    .text               mf_w.l(cdrcmple.o)
    0x080004d8   0x080004d8   0x0000002c   Code   RO         3066    .text               mc_w.l(uidiv.o)
    0x08000504   0x08000504   0x00000062   Code   RO         3068    .text               mc_w.l(uldiv.o)
    0x08000566   0x08000566   0x0000001e   Code   RO         3070    .text               mc_w.l(llshl.o)
    0x08000584   0x08000584   0x00000024   Code   RO         3072    .text               mc_w.l(llsshr.o)
    0x080005a8   0x080005a8   0x00000000   Code   RO         3081    .text               mc_w.l(iusefp.o)
    0x080005a8   0x080005a8   0x000000ba   Code   RO         3084    .text               mf_w.l(depilogue.o)
    0x08000662   0x08000662   0x00000030   Code   RO         3088    .text               mf_w.l(dfixul.o)
    0x08000692   0x08000692   0x00000002   PAD
    0x08000694   0x08000694   0x00000024   Code   RO         3094    .text               mc_w.l(init.o)
    0x080006b8   0x080006b8   0x00000002   Code   RO          291    i.BusFault_Handler  stm32f1xx_it.o
    0x080006ba   0x080006ba   0x00000002   PAD
    0x080006bc   0x080006bc   0x00000058   Code   RO         2624    i.DHT11_Check       dht11.o
    0x08000714   0x08000714   0x00000018   Code   RO         2625    i.DHT11_IO_IN       dht11.o
    0x0800072c   0x0800072c   0x0000001c   Code   RO         2626    i.DHT11_IO_OUT      dht11.o
    0x08000748   0x08000748   0x0000000e   Code   RO         2627    i.DHT11_Init        dht11.o
    0x08000756   0x08000756   0x00000002   PAD
    0x08000758   0x08000758   0x00000058   Code   RO         2628    i.DHT11_Read_Bit    dht11.o
    0x080007b0   0x080007b0   0x0000001a   Code   RO         2629    i.DHT11_Read_Byte   dht11.o
    0x080007ca   0x080007ca   0x00000058   Code   RO         2630    i.DHT11_Read_Data   dht11.o
    0x08000822   0x08000822   0x00000002   PAD
    0x08000824   0x08000824   0x00000030   Code   RO         2631    i.DHT11_Rst         dht11.o
    0x08000854   0x08000854   0x00000002   Code   RO          292    i.DebugMon_Handler  stm32f1xx_it.o
    0x08000856   0x08000856   0x00000002   PAD
    0x08000858   0x08000858   0x00000038   Code   RO         2454    i.Enoder_Get        encoder.o
    0x08000890   0x08000890   0x0000001c   Code   RO         2455    i.Enoder_Init       encoder.o
    0x080008ac   0x080008ac   0x00000004   Code   RO           13    i.Error_Handler     main.o
    0x080008b0   0x080008b0   0x00000024   Code   RO         1413    i.HAL_Delay         stm32f1xx_hal.o
    0x080008d4   0x080008d4   0x000001e0   Code   RO         1723    i.HAL_GPIO_Init     stm32f1xx_hal_gpio.o
    0x08000ab4   0x08000ab4   0x0000000a   Code   RO         1725    i.HAL_GPIO_ReadPin  stm32f1xx_hal_gpio.o
    0x08000abe   0x08000abe   0x0000000a   Code   RO         1727    i.HAL_GPIO_WritePin  stm32f1xx_hal_gpio.o
    0x08000ac8   0x08000ac8   0x0000000c   Code   RO         1417    i.HAL_GetTick       stm32f1xx_hal.o
    0x08000ad4   0x08000ad4   0x00000010   Code   RO         1423    i.HAL_IncTick       stm32f1xx_hal.o
    0x08000ae4   0x08000ae4   0x00000024   Code   RO         1424    i.HAL_Init          stm32f1xx_hal.o
    0x08000b08   0x08000b08   0x00000040   Code   RO         1425    i.HAL_InitTick      stm32f1xx_hal.o
    0x08000b48   0x08000b48   0x0000003c   Code   RO          373    i.HAL_MspInit       stm32f1xx_hal_msp.o
    0x08000b84   0x08000b84   0x0000001a   Code   RO         1883    i.HAL_NVIC_EnableIRQ  stm32f1xx_hal_cortex.o
    0x08000b9e   0x08000b9e   0x00000002   PAD
    0x08000ba0   0x08000ba0   0x00000040   Code   RO         1889    i.HAL_NVIC_SetPriority  stm32f1xx_hal_cortex.o
    0x08000be0   0x08000be0   0x00000024   Code   RO         1890    i.HAL_NVIC_SetPriorityGrouping  stm32f1xx_hal_cortex.o
    0x08000c04   0x08000c04   0x0000012c   Code   RO         1581    i.HAL_RCC_ClockConfig  stm32f1xx_hal_rcc.o
    0x08000d30   0x08000d30   0x0000004c   Code   RO         1590    i.HAL_RCC_GetSysClockFreq  stm32f1xx_hal_rcc.o
    0x08000d7c   0x08000d7c   0x00000320   Code   RO         1593    i.HAL_RCC_OscConfig  stm32f1xx_hal_rcc.o
    0x0800109c   0x0800109c   0x00000028   Code   RO         1894    i.HAL_SYSTICK_Config  stm32f1xx_hal_cortex.o
    0x080010c4   0x080010c4   0x00000002   Code   RO         1139    i.HAL_TIMEx_BreakCallback  stm32f1xx_hal_tim_ex.o
    0x080010c6   0x080010c6   0x00000002   Code   RO         1140    i.HAL_TIMEx_CommutCallback  stm32f1xx_hal_tim_ex.o
    0x080010c8   0x080010c8   0x00000068   Code   RO         1158    i.HAL_TIMEx_MasterConfigSynchronization  stm32f1xx_hal_tim_ex.o
    0x08001130   0x08001130   0x0000005a   Code   RO          435    i.HAL_TIM_Base_Init  stm32f1xx_hal_tim.o
    0x0800118a   0x0800118a   0x00000002   PAD
    0x0800118c   0x0800118c   0x0000006c   Code   RO          203    i.HAL_TIM_Base_MspInit  tim.o
    0x080011f8   0x080011f8   0x00000050   Code   RO          438    i.HAL_TIM_Base_Start  stm32f1xx_hal_tim.o
    0x08001248   0x08001248   0x00000058   Code   RO          440    i.HAL_TIM_Base_Start_IT  stm32f1xx_hal_tim.o
    0x080012a0   0x080012a0   0x00000026   Code   RO          441    i.HAL_TIM_Base_Stop  stm32f1xx_hal_tim.o
    0x080012c6   0x080012c6   0x00000030   Code   RO          443    i.HAL_TIM_Base_Stop_IT  stm32f1xx_hal_tim.o
    0x080012f6   0x080012f6   0x000000dc   Code   RO          444    i.HAL_TIM_ConfigClockSource  stm32f1xx_hal_tim.o
    0x080013d2   0x080013d2   0x000000a4   Code   RO          456    i.HAL_TIM_Encoder_Init  stm32f1xx_hal_tim.o
    0x08001476   0x08001476   0x00000002   PAD
    0x08001478   0x08001478   0x00000054   Code   RO          205    i.HAL_TIM_Encoder_MspInit  tim.o
    0x080014cc   0x080014cc   0x0000008e   Code   RO          459    i.HAL_TIM_Encoder_Start  stm32f1xx_hal_tim.o
    0x0800155a   0x0800155a   0x00000002   Code   RO          469    i.HAL_TIM_IC_CaptureCallback  stm32f1xx_hal_tim.o
    0x0800155c   0x0800155c   0x00000130   Code   RO          483    i.HAL_TIM_IRQHandler  stm32f1xx_hal_tim.o
    0x0800168c   0x0800168c   0x00000048   Code   RO          206    i.HAL_TIM_MspPostInit  tim.o
    0x080016d4   0x080016d4   0x00000002   Code   RO          486    i.HAL_TIM_OC_DelayElapsedCallback  stm32f1xx_hal_tim.o
    0x080016d6   0x080016d6   0x000000cc   Code   RO          507    i.HAL_TIM_PWM_ConfigChannel  stm32f1xx_hal_tim.o
    0x080017a2   0x080017a2   0x0000005a   Code   RO          510    i.HAL_TIM_PWM_Init  stm32f1xx_hal_tim.o
    0x080017fc   0x080017fc   0x00000002   Code   RO          512    i.HAL_TIM_PWM_MspInit  stm32f1xx_hal_tim.o
    0x080017fe   0x080017fe   0x00000002   Code   RO          513    i.HAL_TIM_PWM_PulseFinishedCallback  stm32f1xx_hal_tim.o
    0x08001800   0x08001800   0x0000009c   Code   RO          515    i.HAL_TIM_PWM_Start  stm32f1xx_hal_tim.o
    0x0800189c   0x0800189c   0x00000084   Code   RO           14    i.HAL_TIM_PeriodElapsedCallback  main.o
    0x08001920   0x08001920   0x00000002   Code   RO          526    i.HAL_TIM_TriggerCallback  stm32f1xx_hal_tim.o
    0x08001922   0x08001922   0x00000002   Code   RO          293    i.HardFault_Handler  stm32f1xx_it.o
    0x08001924   0x08001924   0x0000008c   Code   RO         2487    i.Key_GetNum        key.o
    0x080019b0   0x080019b0   0x000000bc   Code   RO          177    i.MX_GPIO_Init      gpio.o
    0x08001a6c   0x08001a6c   0x00000068   Code   RO          207    i.MX_TIM1_Init      tim.o
    0x08001ad4   0x08001ad4   0x00000094   Code   RO          208    i.MX_TIM2_Init      tim.o
    0x08001b68   0x08001b68   0x00000068   Code   RO          209    i.MX_TIM3_Init      tim.o
    0x08001bd0   0x08001bd0   0x00000068   Code   RO          210    i.MX_TIM4_Init      tim.o
    0x08001c38   0x08001c38   0x00000002   Code   RO          294    i.MemManage_Handler  stm32f1xx_it.o
    0x08001c3a   0x08001c3a   0x00000002   PAD
    0x08001c3c   0x08001c3c   0x0000000c   Code   RO         2421    i.Motor_Init        motor.o
    0x08001c48   0x08001c48   0x00000048   Code   RO         2422    i.Motor_SetSpeed    motor.o
    0x08001c90   0x08001c90   0x00000002   Code   RO          295    i.NMI_Handler       stm32f1xx_it.o
    0x08001c92   0x08001c92   0x00000002   PAD
    0x08001c94   0x08001c94   0x00000028   Code   RO         2687    i.OLED_Clear        oled.o
    0x08001cbc   0x08001cbc   0x0000005c   Code   RO         2688    i.OLED_ClearArea    oled.o
    0x08001d18   0x08001d18   0x00000026   Code   RO         2696    i.OLED_GPIO_Init    oled.o
    0x08001d3e   0x08001d3e   0x0000003a   Code   RO         2698    i.OLED_I2C_SendByte  oled.o
    0x08001d78   0x08001d78   0x0000001e   Code   RO         2699    i.OLED_I2C_Start    oled.o
    0x08001d96   0x08001d96   0x00000018   Code   RO         2700    i.OLED_I2C_Stop     oled.o
    0x08001dae   0x08001dae   0x0000009c   Code   RO         2701    i.OLED_Init         oled.o
    0x08001e4a   0x08001e4a   0x0000002a   Code   RO         2704    i.OLED_Printf       oled.o
    0x08001e74   0x08001e74   0x00000058   Code   RO         2706    i.OLED_ReverseArea  oled.o
    0x08001ecc   0x08001ecc   0x00000022   Code   RO         2707    i.OLED_SetCursor    oled.o
    0x08001eee   0x08001eee   0x00000002   PAD
    0x08001ef0   0x08001ef0   0x0000003c   Code   RO         2709    i.OLED_ShowChar     oled.o
    0x08001f2c   0x08001f2c   0x000000bc   Code   RO         2712    i.OLED_ShowImage    oled.o
    0x08001fe8   0x08001fe8   0x000000dc   Code   RO         2715    i.OLED_ShowString   oled.o
    0x080020c4   0x080020c4   0x00000028   Code   RO         2716    i.OLED_Update       oled.o
    0x080020ec   0x080020ec   0x00000010   Code   RO         2718    i.OLED_W_SCL        oled.o
    0x080020fc   0x080020fc   0x00000010   Code   RO         2719    i.OLED_W_SDA        oled.o
    0x0800210c   0x0800210c   0x00000022   Code   RO         2720    i.OLED_WriteCommand  oled.o
    0x0800212e   0x0800212e   0x00000030   Code   RO         2721    i.OLED_WriteData    oled.o
    0x0800215e   0x0800215e   0x00000002   PAD
    0x08002160   0x08002160   0x00000020   Code   RO         2514    i.PauseCountdown    menu.o
    0x08002180   0x08002180   0x00000002   Code   RO          296    i.PendSV_Handler    stm32f1xx_it.o
    0x08002182   0x08002182   0x00000002   Code   RO          297    i.SVC_Handler       stm32f1xx_it.o
    0x08002184   0x08002184   0x00000040   Code   RO         2515    i.StartCountdown    menu.o
    0x080021c4   0x080021c4   0x00000004   Code   RO          298    i.SysTick_Handler   stm32f1xx_it.o
    0x080021c8   0x080021c8   0x0000005e   Code   RO           15    i.SystemClock_Config  main.o
    0x08002226   0x08002226   0x00000002   Code   RO         2384    i.SystemInit        system_stm32f1xx.o
    0x08002228   0x08002228   0x0000000c   Code   RO          299    i.TIM4_IRQHandler   stm32f1xx_it.o
    0x08002234   0x08002234   0x00000078   Code   RO          528    i.TIM_Base_SetConfig  stm32f1xx_hal_tim.o
    0x080022ac   0x080022ac   0x0000001a   Code   RO          529    i.TIM_CCxChannelCmd  stm32f1xx_hal_tim.o
    0x080022c6   0x080022c6   0x00000014   Code   RO          539    i.TIM_ETR_SetConfig  stm32f1xx_hal_tim.o
    0x080022da   0x080022da   0x00000010   Code   RO          540    i.TIM_ITRx_SetConfig  stm32f1xx_hal_tim.o
    0x080022ea   0x080022ea   0x00000002   PAD
    0x080022ec   0x080022ec   0x00000050   Code   RO          541    i.TIM_OC1_SetConfig  stm32f1xx_hal_tim.o
    0x0800233c   0x0800233c   0x00000058   Code   RO          542    i.TIM_OC2_SetConfig  stm32f1xx_hal_tim.o
    0x08002394   0x08002394   0x00000058   Code   RO          543    i.TIM_OC3_SetConfig  stm32f1xx_hal_tim.o
    0x080023ec   0x080023ec   0x00000044   Code   RO          544    i.TIM_OC4_SetConfig  stm32f1xx_hal_tim.o
    0x08002430   0x08002430   0x00000022   Code   RO          546    i.TIM_TI1_ConfigInputStage  stm32f1xx_hal_tim.o
    0x08002452   0x08002452   0x00000024   Code   RO          548    i.TIM_TI2_ConfigInputStage  stm32f1xx_hal_tim.o
    0x08002476   0x08002476   0x00000002   Code   RO          300    i.UsageFault_Handler  stm32f1xx_it.o
    0x08002478   0x08002478   0x00000024   Code   RO         2979    i.__0vsprintf       mc_w.l(printfa.o)
    0x0800249c   0x0800249c   0x00000020   Code   RO         1896    i.__NVIC_SetPriority  stm32f1xx_hal_cortex.o
    0x080024bc   0x080024bc   0x0000000e   Code   RO         3102    i.__scatterload_copy  mc_w.l(handlers.o)
    0x080024ca   0x080024ca   0x00000002   Code   RO         3103    i.__scatterload_null  mc_w.l(handlers.o)
    0x080024cc   0x080024cc   0x0000000e   Code   RO         3104    i.__scatterload_zeroinit  mc_w.l(handlers.o)
    0x080024da   0x080024da   0x00000002   PAD
    0x080024dc   0x080024dc   0x00000184   Code   RO         2980    i._fp_digits        mc_w.l(printfa.o)
    0x08002660   0x08002660   0x000006dc   Code   RO         2981    i._printf_core      mc_w.l(printfa.o)
    0x08002d3c   0x08002d3c   0x00000024   Code   RO         2982    i._printf_post_padding  mc_w.l(printfa.o)
    0x08002d60   0x08002d60   0x0000002e   Code   RO         2983    i._printf_pre_padding  mc_w.l(printfa.o)
    0x08002d8e   0x08002d8e   0x0000000a   Code   RO         2985    i._sputc            mc_w.l(printfa.o)
    0x08002d98   0x08002d98   0x00000030   Code   RO          211    i.delay_us          tim.o
    0x08002dc8   0x08002dc8   0x00000032   Code   RO           16    i.main              main.o
    0x08002dfa   0x08002dfa   0x00000002   PAD
    0x08002dfc   0x08002dfc   0x000001a8   Code   RO         2516    i.menu1             menu.o
    0x08002fa4   0x08002fa4   0x0000028c   Code   RO         2517    i.menu21            menu.o
    0x08003230   0x08003230   0x00000180   Code   RO         2518    i.menu22            menu.o
    0x080033b0   0x080033b0   0x00000140   Code   RO         2519    i.menu23            menu.o
    0x080034f0   0x080034f0   0x000000f4   Code   RO         2520    i.menu3_ControlHumidity  menu.o
    0x080035e4   0x080035e4   0x000000f4   Code   RO         2521    i.menu3_ControlTemperature  menu.o
    0x080036d8   0x080036d8   0x00000110   Code   RO         2522    i.menu3_SetHour     menu.o
    0x080037e8   0x080037e8   0x00000108   Code   RO         2523    i.menu3_SetMin      menu.o
    0x080038f0   0x080038f0   0x00000108   Code   RO         2524    i.menu3_SetSec      menu.o
    0x080039f8   0x080039f8   0x000000c4   Code   RO         2525    i.menu3_SetSpeed    menu.o
    0x08003abc   0x08003abc   0x000000f0   Code   RO         2526    i.menu3_Start       menu.o
    0x08003bac   0x08003bac   0x00000012   Data   RO         1594    .constdata          stm32f1xx_hal_rcc.o
    0x08003bbe   0x08003bbe   0x00000010   Data   RO         2385    .constdata          system_stm32f1xx.o
    0x08003bce   0x08003bce   0x000005f0   Data   RO         2936    .constdata          oled_data.o
    0x080041be   0x080041be   0x0000023a   Data   RO         2937    .constdata          oled_data.o
    0x080043f8   0x080043f8   0x000006d6   Data   RO         2938    .constdata          oled_data.o
    0x08004ace   0x08004ace   0x00000002   PAD
    0x08004ad0   0x08004ad0   0x00000020   Data   RO         3100    Region$$Table       anon$$obj.o


    Execution Region RW_IRAM1 (Exec base: 0x20000000, Load base: 0x08004af0, Size: 0x00000960, Max: 0x00005000, ABSOLUTE)

    Exec Addr    Load Addr    Size         Type   Attr      Idx    E Section Name        Object

    0x20000000   0x08004af0   0x0000000c   Data   RW         1431    .data               stm32f1xx_hal.o
    0x2000000c   0x08004afc   0x00000004   Data   RW         2387    .data               system_stm32f1xx.o
    0x20000010   0x08004b00   0x0000001d   Data   RW         2528    .data               menu.o
    0x2000002d   0x08004b1d   0x00000003   PAD
    0x20000030        -       0x00000120   Zero   RW          212    .bss                tim.o
    0x20000150        -       0x0000000c   Zero   RW         2527    .bss                menu.o
    0x2000015c        -       0x00000400   Zero   RW         2723    .bss                oled.o
    0x2000055c   0x08004b1d   0x00000004   PAD
    0x20000560        -       0x00000400   Zero   RW            1    STACK               startup_stm32f103xb.o


==============================================================================

Image component sizes


      Code (inc. data)   RO Data    RW Data    ZI Data      Debug   Object Name

       404         22          0          0          0       4475   dht11.o
        84         12          0          0          0       1031   encoder.o
       188         14          0          0          0        955   gpio.o
       140          4          0          0          0        609   key.o
       280         24          0          0          0     419396   main.o
      3600       1150          0         29         12       9437   menu.o
        84         12          0          0          0        922   motor.o
      1224         54          0          0       1024      11745   oled.o
         0          0       3840          0          0       1050   oled_data.o
        36          8        236          0       1024        792   startup_stm32f103xb.o
       164         28          0         12          0       5825   stm32f1xx_hal.o
       198         14          0          0          0      28875   stm32f1xx_hal_cortex.o
       500         34          0          0          0       3471   stm32f1xx_hal_gpio.o
        60          8          0          0          0        850   stm32f1xx_hal_msp.o
      1176         60         18          0          0       3950   stm32f1xx_hal_rcc.o
      2210         70          0          0          0      19565   stm32f1xx_hal_tim.o
       108         12          0          0          0       2361   stm32f1xx_hal_tim_ex.o
        32          6          0          0          0       4204   stm32f1xx_it.o
         2          0         16          4          0       1083   system_stm32f1xx.o
       772         68          0          0        288       5392   tim.o

    ----------------------------------------------------------------------
     11288       1600       4144         48       2352     525988   Object Totals
         0          0         32          0          0          0   (incl. Generated)
        26          0          2          3          4          0   (incl. Padding)

    ----------------------------------------------------------------------

      Code (inc. data)   RO Data    RW Data    ZI Data      Debug   Library Member Name

         0          0          0          0          0          0   entry.o
         0          0          0          0          0          0   entry10a.o
         0          0          0          0          0          0   entry11a.o
         8          4          0          0          0          0   entry2.o
         4          0          0          0          0          0   entry5.o
         0          0          0          0          0          0   entry7b.o
         0          0          0          0          0          0   entry8b.o
         8          4          0          0          0          0   entry9a.o
        30          0          0          0          0          0   handlers.o
        36          8          0          0          0         68   init.o
         0          0          0          0          0          0   iusefp.o
        30          0          0          0          0         68   llshl.o
        36          0          0          0          0         68   llsshr.o
        32          0          0          0          0         68   llushr.o
        36          0          0          0          0        108   memseta.o
      2272         86          0          0          0        516   printfa.o
        28          0          0          0          0         76   strcmp.o
        18          0          0          0          0         68   strcpy.o
        44          0          0          0          0         80   uidiv.o
        98          0          0          0          0         92   uldiv.o
        48          0          0          0          0         68   cdrcmple.o
       334          0          0          0          0        148   dadd.o
       222          0          0          0          0        100   ddiv.o
       186          0          0          0          0        176   depilogue.o
        48          0          0          0          0         68   dfixul.o
       228          0          0          0          0         96   dmul.o

    ----------------------------------------------------------------------
      3752        102          0          0          0       1868   Library Totals
         6          0          0          0          0          0   (incl. Padding)

    ----------------------------------------------------------------------

      Code (inc. data)   RO Data    RW Data    ZI Data      Debug   Library Name

      2680        102          0          0          0       1212   mc_w.l
      1066          0          0          0          0        656   mf_w.l

    ----------------------------------------------------------------------
      3752        102          0          0          0       1868   Library Totals

    ----------------------------------------------------------------------

==============================================================================


      Code (inc. data)   RO Data    RW Data    ZI Data      Debug   

     15040       1702       4144         48       2352     521248   Grand Totals
     15040       1702       4144         48       2352     521248   ELF Image Totals
     15040       1702       4144         48          0          0   ROM Totals

==============================================================================

    Total RO  Size (Code + RO Data)                19184 (  18.73kB)
    Total RW  Size (RW Data + ZI Data)              2400 (   2.34kB)
    Total ROM Size (Code + RO Data + RW Data)      19232 (  18.78kB)

==============================================================================

